<html>
<body>
<pre>
<h1>µVision Build Log</h1>
<h2>Tool Versions:</h2>
IDE-Version: µVision V5.41.0.0
Copyright (C) 2024 ARM Ltd and ARM Germany GmbH. All rights reserved.
License Information: Serkan Asus, AGU, LIC=----
 
Tool Versions:
Toolchain:       MDK-Lite  Version: 5.41.0.0
Toolchain Path:  C:\Users\Asus\AppData\Local\Keil_v5\ARM\ARMCLANG\Bin
C Compiler:      ArmClang.exe V6.22
Assembler:       Armasm.exe V6.22
Linker/Locator:  ArmLink.exe V6.22
Library Manager: ArmAr.exe V6.22
Hex Converter:   FromElf.exe V6.22
CPU DLL:         SARMCM3.DLL V5.41.0.0
Dialog DLL:      DCM.DLL V1.17.5.0
Target DLL:      STLink\ST-LINKIII-KEIL_SWO.dll V3.3.0.0
Dialog DLL:      TCM.DLL V1.56.4.0
 
<h2>Project:</h2>
C:\Users\Asus\Desktop\EMBDED PROJECT\HEEY\LineFollower.uvprojx
Project File Date:  01/13/2025

<h2>Output:</h2>
*** Using Compiler 'V6.22', folder: 'C:\Users\Asus\AppData\Local\Keil_v5\ARM\ARMCLANG\Bin'
Rebuild target 'Target_1'
compiling SYSTICK_DRIVER.c...
compiling main.c...
compiling SPI_DRIVER.c...
compiling GPIO_DRIVER.c...
I2C_DRIVER.c(56): warning: variable 'temp' set but not used [-Wunused-but-set-variable]
   56 |         volatile int temp;
      |                      ^
I2C_DRIVER.c(94): warning: variable 'temp' set but not used [-Wunused-but-set-variable]
   94 |         volatile int temp;
      |                      ^
2 warnings generated.
compiling I2C_DRIVER.c...
compiling SYSTEM_CLOCK.c...
compiling OLED DRIVER.c...
compiling TIMER1_DRIVER.c...
compiling MOTOR_DRIVER.c...
compiling PID.c...
ADC_DRIVER.c(108): warning: unused parameter 'port' [-Wunused-parameter]
  108 | int adc_rx(char adc, short port, short pin)
      |                            ^
ADC_DRIVER.c(108): warning: unused parameter 'pin' [-Wunused-parameter]
  108 | int adc_rx(char adc, short port, short pin)
      |                                        ^
2 warnings generated.
compiling ADC_DRIVER.c...
compiling BUZZER.c...
compiling retarget_io.c...
compiling system_stm32f10x.c...
assembling startup_stm32f10x_md.s...
compiling GPIO_STM32F10x.c...
linking...
Program Size: Code=11204 RO-data=412 RW-data=40 ZI-data=1736  
".\Objects\LineFollower.axf" - 0 Error(s), 4 Warning(s).

<h2>Software Packages used:</h2>

Package Vendor: ARM
                https://www.keil.com/pack/ARM.CMSIS.6.1.0.pack
                ARM::CMSIS@6.1.0
                CMSIS (Common Microcontroller Software Interface Standard)
   * Component: CORE Version: 6.1.0

Package Vendor: ARM
                https://www.keil.com/pack/ARM.CMSIS-Compiler.2.1.0.pack
                ARM::CMSIS-Compiler@2.1.0
                CMSIS Compiler extensions for Arm Compiler, GCC, Clang, and IAR Compiler
   * Component: CORE Version: 1.1.0

Package Vendor: Keil
                https://www.keil.com/pack/Keil.STM32F1xx_DFP.2.4.1.pack
                Keil::STM32F1xx_DFP@2.4.1
                STMicroelectronics STM32F1 Series Device Support, Drivers and Examples
   * Component: GPIO Version: 1.3
   * Component: Startup Version: 1.0.0

<h2>Collection of Component include folders:</h2>
  ./RTE/Device/STM32F103RB
  ./RTE/_Target_1
  C:/Users/Asus/AppData/Local/Arm/Packs/ARM/CMSIS/6.1.0/CMSIS/Core/Include
  C:/Users/Asus/AppData/Local/Arm/Packs/Keil/STM32F1xx_DFP/2.4.1/Device/Include
  C:/Users/Asus/AppData/Local/Arm/Packs/Keil/STM32F1xx_DFP/2.4.1/RTE_Driver

<h2>Collection of Component Files used:</h2>

   * Component: ARM::CMSIS-Compiler:CORE@1.1.0
      Source file:   source/armcc/retarget_io.c

   * Component: ARM::CMSIS:CORE@6.1.0

   * Component: Keil::Device:GPIO@1.3
      Source file:   RTE_Driver/GPIO_STM32F10x.c
      Include file:  RTE_Driver/GPIO_STM32F10x.h

   * Component: Keil::Device:Startup@1.0.0
      Source file:   Device/Source/ARM/startup_stm32f10x_md.s
      Source file:   Device/Source/system_stm32f10x.c
      Source file:   Device/Source/ARM/STM32F1xx_OPT.s
      Include file:  RTE_Driver/Config/RTE_Device.h
Build Time Elapsed:  00:00:01
</pre>
</body>
</html>
