Component: Arm Compiler for Embedded 6.22 Tool: armlink [5ee90200]

==============================================================================

Section Cross References

    main.o(.ARM.exidx.text.motor_control) refers to main.o(.text.motor_control) for [Anonymous Symbol]
    main.o(.ARM.exidx.text.normalize_line_readings) refers to main.o(.text.normalize_line_readings) for [Anonymous Symbol]
    main.o(.text.main) refers to systick_driver.o(.text.systickTimer_init) for systickTimer_init
    main.o(.text.main) refers to main.o(.data.channelsA) for channelsA
    main.o(.text.main) refers to main.o(.data.adc_channelsA) for adc_channelsA
    main.o(.text.main) refers to adc_driver.o(.text.adc_multi_ch_init) for adc_multi_ch_init
    main.o(.text.main) refers to gpio_driver.o(.text.gpio_init) for gpio_init
    main.o(.text.main) refers to timer1_driver.o(.text.timer1PWM_micros) for timer1PWM_micros
    main.o(.text.main) refers to timer1_driver.o(.text.timer1Capture_micro) for timer1Capture_micro
    main.o(.text.main) refers to timer1_driver.o(.text.timer1_get_capture_micro) for timer1_get_capture_micro
    main.o(.text.main) refers to main.o(.bss.myDistance) for myDistance
    main.o(.text.main) refers to main.o(.bss.analog_rxA) for analog_rxA
    main.o(.text.main) refers to adc_driver.o(.text.adc_multi_ch_rx) for adc_multi_ch_rx
    main.o(.text.main) refers to main.o(.bss.normalized) for normalized
    main.o(.text.main) refers to main.o(.text.normalize_line_readings) for normalize_line_readings
    main.o(.text.main) refers to main.o(.text.motor_control) for motor_control
    main.o(.text.main) refers to main.o(.bss.p) for p
    main.o(.text.main) refers to pid.o(.text.PID_Linefollow) for PID_Linefollow
    main.o(.text.main) refers to buzzer.o(.text.timer3PWM_micros) for timer3PWM_micros
    main.o(.ARM.exidx.text.main) refers to main.o(.text.main) for [Anonymous Symbol]
    oled driver.o(.text.Pin_Setup) refers to gpio_driver.o(.text.gpio_init) for gpio_init
    oled driver.o(.ARM.exidx.text.Pin_Setup) refers to oled driver.o(.text.Pin_Setup) for [Anonymous Symbol]
    oled driver.o(.text.lcd_rs) refers to gpio_driver.o(.text.WRITE_GPIO) for WRITE_GPIO
    oled driver.o(.ARM.exidx.text.lcd_rs) refers to oled driver.o(.text.lcd_rs) for [Anonymous Symbol]
    oled driver.o(.text.lcd_rw) refers to gpio_driver.o(.text.WRITE_GPIO) for WRITE_GPIO
    oled driver.o(.ARM.exidx.text.lcd_rw) refers to oled driver.o(.text.lcd_rw) for [Anonymous Symbol]
    oled driver.o(.text.lcd_e) refers to gpio_driver.o(.text.WRITE_GPIO) for WRITE_GPIO
    oled driver.o(.ARM.exidx.text.lcd_e) refers to oled driver.o(.text.lcd_e) for [Anonymous Symbol]
    oled driver.o(.text.lcd_data) refers to oled driver.o(.text.lcd_rs) for lcd_rs
    oled driver.o(.text.lcd_data) refers to oled driver.o(.text.lcd_rw) for lcd_rw
    oled driver.o(.text.lcd_data) refers to systick_driver.o(.text.SysTick_DelayMc) for SysTick_DelayMc
    oled driver.o(.text.lcd_data) refers to oled driver.o(.text.lcd_e) for lcd_e
    oled driver.o(.ARM.exidx.text.lcd_data) refers to oled driver.o(.text.lcd_data) for [Anonymous Symbol]
    oled driver.o(.text.lcd_cmd) refers to oled driver.o(.text.lcd_rs) for lcd_rs
    oled driver.o(.text.lcd_cmd) refers to oled driver.o(.text.lcd_rw) for lcd_rw
    oled driver.o(.text.lcd_cmd) refers to systick_driver.o(.text.SysTick_DelayMc) for SysTick_DelayMc
    oled driver.o(.text.lcd_cmd) refers to oled driver.o(.text.lcd_e) for lcd_e
    oled driver.o(.ARM.exidx.text.lcd_cmd) refers to oled driver.o(.text.lcd_cmd) for [Anonymous Symbol]
    oled driver.o(.text.lcd_init) refers to oled driver.o(.text.Pin_Setup) for Pin_Setup
    oled driver.o(.text.lcd_init) refers to systick_driver.o(.text.SysTick_DelayMs) for SysTick_DelayMs
    oled driver.o(.text.lcd_init) refers to oled driver.o(.text.lcd_cmd) for lcd_cmd
    oled driver.o(.text.lcd_init) refers to systick_driver.o(.text.SysTick_DelayMc) for SysTick_DelayMc
    oled driver.o(.ARM.exidx.text.lcd_init) refers to oled driver.o(.text.lcd_init) for [Anonymous Symbol]
    oled driver.o(.text.lcd_send) refers to oled driver.o(.text.lcd_data) for lcd_data
    oled driver.o(.text.lcd_send) refers to systick_driver.o(.text.SysTick_DelayMc) for SysTick_DelayMc
    oled driver.o(.ARM.exidx.text.lcd_send) refers to oled driver.o(.text.lcd_send) for [Anonymous Symbol]
    oled driver.o(.text.PCF8574T_add) refers to i2c_driver.o(.text.I2C_ADDRESS) for I2C_ADDRESS
    oled driver.o(.ARM.exidx.text.PCF8574T_add) refers to oled driver.o(.text.PCF8574T_add) for [Anonymous Symbol]
    oled driver.o(.text.PCF8574T_tx) refers to i2c_driver.o(.text.I2C_START) for I2C_START
    oled driver.o(.text.PCF8574T_tx) refers to oled driver.o(.text.PCF8574T_add) for PCF8574T_add
    oled driver.o(.text.PCF8574T_tx) refers to i2c_driver.o(.text.I2C_DATA) for I2C_DATA
[...]
    libinit.o(.ARM.Collect$$libinit$$00000000) refers (Special) to libinit2.o(.ARM.Collect$$libinit$$0000000C) for __rt_lib_init_heap_1
    libinit.o(.ARM.Collect$$libinit$$00000000) refers (Special) to libinit2.o(.ARM.Collect$$libinit$$00000013) for __rt_lib_init_lc_collate_1
    libinit.o(.ARM.Collect$$libinit$$00000000) refers (Special) to libinit2.o(.ARM.Collect$$libinit$$00000015) for __rt_lib_init_lc_ctype_1
    libinit.o(.ARM.Collect$$libinit$$00000000) refers (Special) to libinit2.o(.ARM.Collect$$libinit$$00000017) for __rt_lib_init_lc_monetary_1
    libinit.o(.ARM.Collect$$libinit$$00000000) refers (Special) to libinit2.o(.ARM.Collect$$libinit$$00000019) for __rt_lib_init_lc_numeric_1
    libinit.o(.ARM.Collect$$libinit$$00000000) refers (Special) to libinit2.o(.ARM.Collect$$libinit$$0000001B) for __rt_lib_init_lc_time_1
    libinit.o(.ARM.Collect$$libinit$$00000000) refers (Special) to libinit2.o(.ARM.Collect$$libinit$$00000006) for __rt_lib_init_preinit_1
    libinit.o(.ARM.Collect$$libinit$$00000000) refers (Special) to libinit2.o(.ARM.Collect$$libinit$$00000010) for __rt_lib_init_rand_1
    libinit.o(.ARM.Collect$$libinit$$00000000) refers (Special) to libinit2.o(.ARM.Collect$$libinit$$00000004) for __rt_lib_init_relocate_pie_1
    libinit.o(.ARM.Collect$$libinit$$00000000) refers (Special) to libinit2.o(.ARM.Collect$$libinit$$00000035) for __rt_lib_init_return
    libinit.o(.ARM.Collect$$libinit$$00000000) refers (Special) to libinit2.o(.ARM.Collect$$libinit$$0000001F) for __rt_lib_init_signal_1
    libinit.o(.ARM.Collect$$libinit$$00000000) refers (Special) to libinit2.o(.ARM.Collect$$libinit$$00000027) for __rt_lib_init_stdio_1
    libinit.o(.ARM.Collect$$libinit$$00000000) refers (Special) to libinit2.o(.ARM.Collect$$libinit$$0000000E) for __rt_lib_init_user_alloc_1
    dcmpi.o(x$fpl$dcmpinf) refers (Special) to usenofp.o(x$fpl$usenofp) for __I$use$fp
    retnan.o(x$fpl$retnan) refers (Special) to usenofp.o(x$fpl$usenofp) for __I$use$fp
    retnan.o(x$fpl$retnan) refers to trapv.o(x$fpl$trapveneer) for __fpl_cmpreturn
    rtexit.o(.ARM.Collect$$rtexit$$00000000) refers (Special) to rtexit2.o(.ARM.Collect$$rtexit$$00000004) for __rt_exit_exit
    rtexit.o(.ARM.Collect$$rtexit$$00000000) refers (Special) to rtexit2.o(.ARM.Collect$$rtexit$$00000003) for __rt_exit_ls
    rtexit.o(.ARM.Collect$$rtexit$$00000000) refers (Special) to rtexit2.o(.ARM.Collect$$rtexit$$00000002) for __rt_exit_prels_1
    rtexit.o(.ARM.exidx) refers (Special) to rtexit2.o(.ARM.Collect$$rtexit$$00000004) for __rt_exit_exit
    rtexit.o(.ARM.exidx) refers (Special) to rtexit2.o(.ARM.Collect$$rtexit$$00000003) for __rt_exit_ls
    rtexit.o(.ARM.exidx) refers (Special) to rtexit2.o(.ARM.Collect$$rtexit$$00000002) for __rt_exit_prels_1
    rtexit.o(.ARM.exidx) refers to rtexit.o(.ARM.Collect$$rtexit$$00000000) for .ARM.Collect$$rtexit$$00000000
    libinit2.o(.ARM.Collect$$libinit$$00000012) refers to libinit2.o(.ARM.Collect$$libinit$$00000011) for .ARM.Collect$$libinit$$00000011
    libinit2.o(.ARM.Collect$$libinit$$00000014) refers to libinit2.o(.ARM.Collect$$libinit$$00000011) for .ARM.Collect$$libinit$$00000011
    libinit2.o(.ARM.Collect$$libinit$$00000016) refers to libinit2.o(.ARM.Collect$$libinit$$00000011) for .ARM.Collect$$libinit$$00000011
    libinit2.o(.ARM.Collect$$libinit$$00000018) refers to libinit2.o(.ARM.Collect$$libinit$$00000011) for .ARM.Collect$$libinit$$00000011
    libinit2.o(.ARM.Collect$$libinit$$0000001A) refers to libinit2.o(.ARM.Collect$$libinit$$00000011) for .ARM.Collect$$libinit$$00000011
    libinit2.o(.ARM.Collect$$libinit$$00000028) refers to argv_veneer.o(.emb_text) for __ARM_argv_veneer
    libinit2.o(.ARM.Collect$$libinit$$00000029) refers to argv_veneer.o(.emb_text) for __ARM_argv_veneer
    trapv.o(x$fpl$trapveneer) refers (Special) to usenofp.o(x$fpl$usenofp) for __I$use$fp
    rtexit2.o(.ARM.Collect$$rtexit$$00000003) refers to libshutdown.o(.ARM.Collect$$libshutdown$$00000000) for __rt_lib_shutdown
    rtexit2.o(.ARM.Collect$$rtexit$$00000004) refers to sys_exit.o(.text) for _sys_exit
    rtexit2.o(.ARM.exidx) refers to rtexit2.o(.ARM.Collect$$rtexit$$00000001) for .ARM.Collect$$rtexit$$00000001
    rtexit2.o(.ARM.exidx) refers to rtexit2.o(.ARM.Collect$$rtexit$$00000003) for .ARM.Collect$$rtexit$$00000003
    rtexit2.o(.ARM.exidx) refers to rtexit2.o(.ARM.Collect$$rtexit$$00000004) for .ARM.Collect$$rtexit$$00000004
    argv_veneer.o(.emb_text) refers to no_argv.o(.text) for __ARM_get_argv
    sys_exit.o(.text) refers (Special) to use_no_semi.o(.text) for __I$use$semihosting
    sys_exit.o(.text) refers (Special) to indicate_semi.o(.text) for __semihosting_library_function
    sys_exit_hlt.o(.text) refers (Special) to use_no_semi.o(.text) for __I$use$semihosting
    sys_exit_hlt.o(.text) refers (Special) to indicate_semi.o(.text) for __semihosting_library_function
    _get_argv_nomalloc.o(.text) refers (Special) to hrguard.o(.text) for __heap_region$guard
    _get_argv_nomalloc.o(.text) refers to defsig_rtmem_outer.o(.text) for __rt_SIGRTMEM
    _get_argv_nomalloc.o(.text) refers to sys_command.o(.text) for _sys_command_string
    libshutdown.o(.ARM.Collect$$libshutdown$$00000000) refers (Special) to libshutdown2.o(.ARM.Collect$$libshutdown$$00000002) for __rt_lib_shutdown_cpp_1
    libshutdown.o(.ARM.Collect$$libshutdown$$00000000) refers (Special) to libshutdown2.o(.ARM.Collect$$libshutdown$$00000007) for __rt_lib_shutdown_fp_trap_1
    libshutdown.o(.ARM.Collect$$libshutdown$$00000000) refers (Special) to libshutdown2.o(.ARM.Collect$$libshutdown$$0000000F) for __rt_lib_shutdown_heap_1
    libshutdown.o(.ARM.Collect$$libshutdown$$00000000) refers (Special) to libshutdown2.o(.ARM.Collect$$libshutdown$$00000010) for __rt_lib_shutdown_return
    libshutdown.o(.ARM.Collect$$libshutdown$$00000000) refers (Special) to libshutdown2.o(.ARM.Collect$$libshutdown$$0000000A) for __rt_lib_shutdown_signal_1
    libshutdown.o(.ARM.Collect$$libshutdown$$00000000) refers (Special) to libshutdown2.o(.ARM.Collect$$libshutdown$$00000004) for __rt_lib_shutdown_stdio_1
    libshutdown.o(.ARM.Collect$$libshutdown$$00000000) refers (Special) to libshutdown2.o(.ARM.Collect$$libshutdown$$0000000C) for __rt_lib_shutdown_user_alloc_1
    sys_command.o(.text) refers (Special) to use_no_semi.o(.text) for __I$use$semihosting
    sys_command.o(.text) refers (Special) to indicate_semi.o(.text) for __semihosting_library_function
    sys_command_hlt.o(.text) refers (Special) to use_no_semi.o(.text) for __I$use$semihosting
    sys_command_hlt.o(.text) refers (Special) to indicate_semi.o(.text) for __semihosting_library_function
    defsig_rtmem_outer.o(.text) refers to defsig_rtmem_inner.o(.text) for __rt_SIGRTMEM_inner
    defsig_rtmem_outer.o(.text) refers to defsig_exit.o(.text) for __sig_exit
    defsig_rtmem_formal.o(.text) refers to rt_raise.o(.text) for __rt_raise
    rt_raise.o(.text) refers to __raise.o(.text) for __raise
    rt_raise.o(.text) refers to sys_exit.o(.text) for _sys_exit
    defsig_exit.o(.text) refers to sys_exit.o(.text) for _sys_exit
    defsig_rtmem_inner.o(.text) refers to defsig_general.o(.text) for __default_signal_display
    __raise.o(.text) refers to defsig.o(CL$$defsig) for __default_signal_handler
    defsig_general.o(.text) refers to sys_wrch.o(.text) for _ttywrch
    sys_wrch.o(.text) refers (Special) to use_no_semi.o(.text) for __I$use$semihosting
    sys_wrch.o(.text) refers (Special) to indicate_semi.o(.text) for __semihosting_library_function
    sys_wrch_hlt.o(.text) refers (Special) to use_no_semi.o(.text) for __I$use$semihosting
    sys_wrch_hlt.o(.text) refers (Special) to indicate_semi.o(.text) for __semihosting_library_function
    defsig.o(CL$$defsig) refers to defsig_rtmem_inner.o(.text) for __rt_SIGRTMEM_inner
    defsig_abrt_inner.o(.text) refers to defsig_general.o(.text) for __default_signal_display
    defsig_fpe_inner.o(.text) refers to defsig_general.o(.text) for __default_signal_display
    defsig_rtred_inner.o(.text) refers to defsig_general.o(.text) for __default_signal_display
    defsig_stak_inner.o(.text) refers to defsig_general.o(.text) for __default_signal_display
    defsig_pvfn_inner.o(.text) refers to defsig_general.o(.text) for __default_signal_display
    defsig_cppl_inner.o(.text) refers to defsig_general.o(.text) for __default_signal_display
    defsig_segv_inner.o(.text) refers to defsig_general.o(.text) for __default_signal_display
    defsig_other.o(.text) refers to defsig_general.o(.text) for __default_signal_display


==============================================================================

Removing Unused input sections from the image.

    Removing main.o(.text), (0 bytes).
    Removing main.o(.ARM.exidx.text.motor_control), (8 bytes).
    Removing main.o(.ARM.exidx.text.normalize_line_readings), (8 bytes).
    Removing main.o(.ARM.exidx.text.main), (8 bytes).
    Removing main.o(.bss.buzzz), (4 bytes).
    Removing main.o(.bss.myint), (3 bytes).
    Removing main.o(.bss.display), (3 bytes).
    Removing main.o(.ARM.use_no_argv), (4 bytes).
    Removing oled driver.o(.text), (0 bytes).
    Removing oled driver.o(.text.Pin_Setup), (54 bytes).
    Removing oled driver.o(.ARM.exidx.text.Pin_Setup), (8 bytes).
    Removing oled driver.o(.text.lcd_rs), (22 bytes).
    Removing oled driver.o(.ARM.exidx.text.lcd_rs), (8 bytes).
    Removing oled driver.o(.text.lcd_rw), (22 bytes).
    Removing oled driver.o(.ARM.exidx.text.lcd_rw), (8 bytes).
    Removing oled driver.o(.text.lcd_e), (22 bytes).
    Removing oled driver.o(.ARM.exidx.text.lcd_e), (8 bytes).
    Removing oled driver.o(.text.lcd_data), (84 bytes).
    Removing oled driver.o(.ARM.exidx.text.lcd_data), (8 bytes).
    Removing oled driver.o(.text.lcd_cmd), (82 bytes).
    Removing oled driver.o(.ARM.exidx.text.lcd_cmd), (8 bytes).
    Removing oled driver.o(.text.lcd_init), (68 bytes).
    Removing oled driver.o(.ARM.exidx.text.lcd_init), (8 bytes).
    Removing oled driver.o(.text.lcd_send), (50 bytes).
    Removing oled driver.o(.ARM.exidx.text.lcd_send), (8 bytes).
    Removing oled driver.o(.text.PCF8574T_add), (30 bytes).
    Removing oled driver.o(.ARM.exidx.text.PCF8574T_add), (8 bytes).
    Removing oled driver.o(.text.PCF8574T_tx), (54 bytes).
    Removing oled driver.o(.ARM.exidx.text.PCF8574T_tx), (8 bytes).
    Removing oled driver.o(.text.lcd_i2c_data), (160 bytes).
    Removing oled driver.o(.ARM.exidx.text.lcd_i2c_data), (8 bytes).
    Removing oled driver.o(.text.lcd_i2c_cmd), (160 bytes).
    Removing oled driver.o(.ARM.exidx.text.lcd_i2c_cmd), (8 bytes).
    Removing oled driver.o(.text.lcd_i2c_init), (358 bytes).
    Removing oled driver.o(.ARM.exidx.text.lcd_i2c_init), (8 bytes).
    Removing oled driver.o(.text.lcd_i2c_send), (58 bytes).
    Removing oled driver.o(.ARM.exidx.text.lcd_i2c_send), (8 bytes).
    Removing oled driver.o(.text.lcd_i2c_msg), (104 bytes).
    Removing oled driver.o(.ARM.exidx.text.lcd_i2c_msg), (8 bytes).
    Removing oled driver.o(.text.lcd_1_blank), (32 bytes).
    Removing oled driver.o(.ARM.exidx.text.lcd_1_blank), (8 bytes).
    Removing oled driver.o(.text.lcd_2_blank), (32 bytes).
    Removing oled driver.o(.ARM.exidx.text.lcd_2_blank), (8 bytes).
    Removing oled driver.o(.text.lcd_12_blank), (28 bytes).
    Removing oled driver.o(.ARM.exidx.text.lcd_12_blank), (8 bytes).
    Removing oled driver.o(.text.str_empty), (40 bytes).
    Removing oled driver.o(.ARM.exidx.text.str_empty), (8 bytes).
    Removing oled driver.o(.text.int2char), (184 bytes).
    Removing oled driver.o(.ARM.exidx.text.int2char), (8 bytes).
    Removing oled driver.o(.rodata.str1.1), (17 bytes).
    Removing gpio_driver.o(.text), (0 bytes).
    Removing gpio_driver.o(.ARM.exidx.text.gpio_init), (8 bytes).
    Removing gpio_driver.o(.text.READ_GPIO), (118 bytes).
    Removing gpio_driver.o(.ARM.exidx.text.READ_GPIO), (8 bytes).
    Removing gpio_driver.o(.ARM.exidx.text.WRITE_GPIO), (8 bytes).
    Removing gpio_driver.o(.text.TOGGLE_GPIO), (64 bytes).
    Removing gpio_driver.o(.ARM.exidx.text.TOGGLE_GPIO), (8 bytes).
    Removing systick_driver.o(.text), (0 bytes).
    Removing systick_driver.o(.ARM.exidx.text.systickTimer_init), (8 bytes).
    Removing systick_driver.o(.ARM.exidx.text.SysTick_DelayMicro), (8 bytes).
    Removing systick_driver.o(.ARM.exidx.text.SysTick_DelayMc), (8 bytes).
    Removing systick_driver.o(.ARM.exidx.text.SysTick_DelayMs), (8 bytes).
    Removing timer1_driver.o(.text), (0 bytes).
    Removing timer1_driver.o(.text.timer1Delay_micros), (98 bytes).
    Removing timer1_driver.o(.ARM.exidx.text.timer1Delay_micros), (8 bytes).
    Removing timer1_driver.o(.text.timer1Delay_milis), (44 bytes).
    Removing timer1_driver.o(.ARM.exidx.text.timer1Delay_milis), (8 bytes).
    Removing timer1_driver.o(.ARM.exidx.text.timer1PWM_micros), (8 bytes).
    Removing timer1_driver.o(.text.timer1PWM_milis), (164 bytes).
    Removing timer1_driver.o(.ARM.exidx.text.timer1PWM_milis), (8 bytes).
    Removing timer1_driver.o(.ARM.exidx.text.timer1Capture_micro), (8 bytes).
    Removing timer1_driver.o(.text.timer1Capture_milis), (146 bytes).
    Removing timer1_driver.o(.ARM.exidx.text.timer1Capture_milis), (8 bytes).
    Removing timer1_driver.o(.ARM.exidx.text.timer1_get_capture_micro), (8 bytes).
    Removing timer1_driver.o(.text.timer1_get_capture_milis), (34 bytes).
    Removing timer1_driver.o(.ARM.exidx.text.timer1_get_capture_milis), (8 bytes).
    Removing timer1_driver.o(.text.timer1PWM_milisBUZZER), (148 bytes).
    Removing timer1_driver.o(.ARM.exidx.text.timer1PWM_milisBUZZER), (8 bytes).
    Removing timer1_driver.o(.data.PRESCALAR_PWM_MILIS), (4 bytes).
    Removing system_clock.o(.text), (0 bytes).
    Removing system_clock.o(.text.systemClocktoPLL_72MHZ), (200 bytes).
    Removing system_clock.o(.ARM.exidx.text.systemClocktoPLL_72MHZ), (8 bytes).
    Removing i2c_driver.o(.text), (0 bytes).
    Removing i2c_driver.o(.text.I2C_INIT), (294 bytes).
    Removing i2c_driver.o(.ARM.exidx.text.I2C_INIT), (8 bytes).
    Removing i2c_driver.o(.text.I2C_START), (108 bytes).
    Removing i2c_driver.o(.ARM.exidx.text.I2C_START), (8 bytes).
    Removing i2c_driver.o(.text.I2C_ADDRESS), (244 bytes).
    Removing i2c_driver.o(.ARM.exidx.text.I2C_ADDRESS), (8 bytes).
    Removing i2c_driver.o(.text.I2C_DATA), (156 bytes).
    Removing i2c_driver.o(.ARM.exidx.text.I2C_DATA), (8 bytes).
    Removing i2c_driver.o(.text.I2C_STOP), (116 bytes).
    Removing i2c_driver.o(.ARM.exidx.text.I2C_STOP), (8 bytes).
    Removing i2c_driver.o(.text.I2C_WRITE), (82 bytes).
    Removing i2c_driver.o(.ARM.exidx.text.I2C_WRITE), (8 bytes).
    Removing spi_driver.o(.text), (0 bytes).
    Removing motor_driver.o(.text), (0 bytes).
    Removing motor_driver.o(.ARM.exidx.text.timer4_pwm_microsV), (8 bytes).
    Removing motor_driver.o(.text.timer4_pwm_milisV), (226 bytes).
    Removing motor_driver.o(.ARM.exidx.text.timer4_pwm_milisV), (8 bytes).
    Removing motor_driver.o(.ARM.exidx.text.position), (8 bytes).
    Removing adc_driver.o(.text), (0 bytes).
    Removing adc_driver.o(.text.adc_init), (362 bytes).
    Removing adc_driver.o(.ARM.exidx.text.adc_init), (8 bytes).
    Removing adc_driver.o(.ARM.exidx.text.adc_check), (8 bytes).
    Removing adc_driver.o(.text.adc_rx), (108 bytes).
    Removing adc_driver.o(.ARM.exidx.text.adc_rx), (8 bytes).
    Removing adc_driver.o(.text.adc_irq), (120 bytes).
    Removing adc_driver.o(.ARM.exidx.text.adc_irq), (8 bytes).
    Removing adc_driver.o(.text.__NVIC_EnableIRQ), (48 bytes).
    Removing adc_driver.o(.ARM.exidx.text.__NVIC_EnableIRQ), (8 bytes).
    Removing adc_driver.o(.text.adc_wd), (188 bytes).
    Removing adc_driver.o(.ARM.exidx.text.adc_wd), (8 bytes).
    Removing adc_driver.o(.ARM.exidx.text.adc_multi_ch_init), (8 bytes).
    Removing adc_driver.o(.ARM.exidx.text.adc_multi_ch_rx), (8 bytes).
    Removing pid.o(.text), (0 bytes).
    Removing pid.o(.ARM.exidx.text.PID_Linefollow), (8 bytes).
    Removing pid.o(.bss.PIDvalue), (4 bytes).
    Removing pid.o(.bss.error), (4 bytes).
    Removing pid.o(.bss.Kpfinal), (1 bytes).
    Removing pid.o(.bss.Kifinal), (1 bytes).
    Removing pid.o(.bss.Kdfinal), (1 bytes).
    Removing buzzer.o(.text), (0 bytes).
    Removing buzzer.o(.text.timer3Delay_micros), (98 bytes).
    Removing buzzer.o(.ARM.exidx.text.timer3Delay_micros), (8 bytes).
    Removing buzzer.o(.text.timer3Delay_milis), (44 bytes).
    Removing buzzer.o(.ARM.exidx.text.timer3Delay_milis), (8 bytes).
    Removing buzzer.o(.ARM.exidx.text.timer3PWM_micros), (8 bytes).
    Removing buzzer.o(.text.timer3PWM_milis), (164 bytes).
    Removing buzzer.o(.ARM.exidx.text.timer3PWM_milis), (8 bytes).
    Removing buzzer.o(.data.PRESCALAR_PWM_MILIS3), (4 bytes).
    Removing retarget_io.o(.text), (0 bytes).
    Removing gpio_stm32f10x.o(.text), (0 bytes).
    Removing gpio_stm32f10x.o(.text.GPIO_PortClock), (528 bytes).
    Removing gpio_stm32f10x.o(.ARM.exidx.text.GPIO_PortClock), (8 bytes).
    Removing gpio_stm32f10x.o(.text.GPIO_GetPortClockState), (284 bytes).
    Removing gpio_stm32f10x.o(.ARM.exidx.text.GPIO_GetPortClockState), (8 bytes).
    Removing gpio_stm32f10x.o(.text.GPIO_PinConfigure), (222 bytes).
    Removing gpio_stm32f10x.o(.ARM.exidx.text.GPIO_PinConfigure), (8 bytes).
    Removing gpio_stm32f10x.o(.text.GPIO_AFConfigure), (228 bytes).
    Removing gpio_stm32f10x.o(.ARM.exidx.text.GPIO_AFConfigure), (8 bytes).
    Removing system_stm32f10x.o(.text), (0 bytes).
    Removing system_stm32f10x.o(.ARM.exidx.text.SystemInit), (8 bytes).
    Removing system_stm32f10x.o(.ARM.exidx.text.SetSysClock), (8 bytes).
    Removing system_stm32f10x.o(.text.SystemCoreClockUpdate), (290 bytes).
    Removing system_stm32f10x.o(.ARM.exidx.text.SystemCoreClockUpdate), (8 bytes).
    Removing system_stm32f10x.o(.ARM.exidx.text.SetSysClockTo72), (8 bytes).
    Removing system_stm32f10x.o(.data.SystemCoreClock), (4 bytes).
    Removing system_stm32f10x.o(.rodata.AHBPrescTable), (16 bytes).

149 unused section(s) (total 7208 bytes) removed from the image.

==============================================================================

Image Symbol Table

    Local Symbols

    Symbol Name                              Value     Ov Type        Size  Object(Section)

    ../clib/angel/boardlib.s                 0x00000000   Number         0  boardinit1.o ABSOLUTE
    ../clib/angel/boardlib.s                 0x00000000   Number         0  boardinit2.o ABSOLUTE
    ../clib/angel/boardlib.s                 0x00000000   Number         0  boardinit3.o ABSOLUTE
    ../clib/angel/boardlib.s                 0x00000000   Number         0  boardshut.o ABSOLUTE
    ../clib/angel/handlers.s                 0x00000000   Number         0  __scatter_copy.o ABSOLUTE
    ../clib/angel/handlers.s                 0x00000000   Number         0  __scatter_zi.o ABSOLUTE
    ../clib/angel/kernel.s                   0x00000000   Number         0  __rtentry.o ABSOLUTE
    ../clib/angel/kernel.s                   0x00000000   Number         0  __rtentry2.o ABSOLUTE
    ../clib/angel/kernel.s                   0x00000000   Number         0  __rtentry4.o ABSOLUTE
    ../clib/angel/kernel.s                   0x00000000   Number         0  rtexit.o ABSOLUTE
    ../clib/angel/kernel.s                   0x00000000   Number         0  rtexit2.o ABSOLUTE
    ../clib/angel/rt.s                       0x00000000   Number         0  rt_errno_addr.o ABSOLUTE
    ../clib/angel/rt.s                       0x00000000   Number         0  rt_errno_addr_intlibspace.o ABSOLUTE
    ../clib/angel/rt.s                       0x00000000   Number         0  rt_raise.o ABSOLUTE
    ../clib/angel/scatter.s                  0x00000000   Number         0  __scatter.o ABSOLUTE
    ../clib/angel/startup.s                  0x00000000   Number         0  __main.o ABSOLUTE
    ../clib/angel/sys.s                      0x00000000   Number         0  libspace.o ABSOLUTE
    ../clib/angel/sys.s                      0x00000000   Number         0  sys_stackheap_outer.o ABSOLUTE
    ../clib/angel/sys.s                      0x00000000   Number         0  use_no_semi.o ABSOLUTE
    ../clib/angel/sys.s                      0x00000000   Number         0  indicate_semi.o ABSOLUTE
    ../clib/angel/sysapp.c                   0x00000000   Number         0  sys_exit.o ABSOLUTE
    ../clib/angel/sysapp.c                   0x00000000   Number         0  sys_exit_hlt.o ABSOLUTE
    ../clib/angel/sysapp.c                   0x00000000   Number         0  sys_command.o ABSOLUTE
    ../clib/angel/sysapp.c                   0x00000000   Number         0  sys_command_hlt.o ABSOLUTE
    ../clib/angel/sysapp.c                   0x00000000   Number         0  sys_wrch.o ABSOLUTE
    ../clib/angel/sysapp.c                   0x00000000   Number         0  sys_wrch_hlt.o ABSOLUTE
    ../clib/armsys.c                         0x00000000   Number         0  argv_veneer.o ABSOLUTE
    ../clib/armsys.c                         0x00000000   Number         0  argv_veneer.o ABSOLUTE
    ../clib/armsys.c                         0x00000000   Number         0  _get_argv_nomalloc.o ABSOLUTE
    ../clib/armsys.c                         0x00000000   Number         0  no_argv.o ABSOLUTE
    ../clib/fenv.c                           0x00000000   Number         0  _rserrno.o ABSOLUTE
    ../clib/heapalloc.c                      0x00000000   Number         0  hrguard.o ABSOLUTE
    ../clib/heapaux.c                        0x00000000   Number         0  heapauxi.o ABSOLUTE
    ../clib/libinit.s                        0x00000000   Number         0  libinit.o ABSOLUTE
    ../clib/libinit.s                        0x00000000   Number         0  libinit2.o ABSOLUTE
    ../clib/libinit.s                        0x00000000   Number         0  libshutdown.o ABSOLUTE
    ../clib/libinit.s                        0x00000000   Number         0  libshutdown2.o ABSOLUTE
    ../clib/signal.c                         0x00000000   Number         0  defsig_rtmem_outer.o ABSOLUTE
    ../clib/signal.c                         0x00000000   Number         0  defsig_rtmem_formal.o ABSOLUTE
    ../clib/signal.c                         0x00000000   Number         0  defsig_exit.o ABSOLUTE
    ../clib/signal.c                         0x00000000   Number         0  defsig_rtmem_inner.o ABSOLUTE
    ../clib/signal.c                         0x00000000   Number         0  __raise.o ABSOLUTE
    ../clib/signal.c                         0x00000000   Number         0  defsig_general.o ABSOLUTE
    ../clib/signal.c                         0x00000000   Number         0  defsig_abrt_inner.o ABSOLUTE
    ../clib/signal.c                         0x00000000   Number         0  defsig_fpe_inner.o ABSOLUTE
    ../clib/signal.c                         0x00000000   Number         0  defsig_rtred_inner.o ABSOLUTE
    ../clib/signal.c                         0x00000000   Number         0  defsig_stak_inner.o ABSOLUTE
    ../clib/signal.c                         0x00000000   Number         0  defsig_pvfn_inner.o ABSOLUTE
    ../clib/signal.c                         0x00000000   Number         0  defsig_cppl_inner.o ABSOLUTE
    ../clib/signal.c                         0x00000000   Number         0  defsig_segv_inner.o ABSOLUTE
    ../clib/signal.c                         0x00000000   Number         0  defsig_other.o ABSOLUTE
    ../clib/signal.s                         0x00000000   Number         0  defsig.o ABSOLUTE
    ../clib/stdlib.c                         0x00000000   Number         0  exit.o ABSOLUTE
    ../fplib/d2f.s                           0x00000000   Number         0  d2f.o ABSOLUTE
    ../fplib/daddsub.s                       0x00000000   Number         0  daddsub_clz.o ABSOLUTE
    ../fplib/dcheck1.s                       0x00000000   Number         0  dcheck1.o ABSOLUTE
    ../fplib/dcmpi.s                         0x00000000   Number         0  dcmpi.o ABSOLUTE
    ../fplib/ddiv.s                          0x00000000   Number         0  ddiv.o ABSOLUTE
    ../fplib/dflt.s                          0x00000000   Number         0  dflt_clz.o ABSOLUTE
    ../fplib/dleqf.s                         0x00000000   Number         0  dleqf.o ABSOLUTE
    ../fplib/dmul.s                          0x00000000   Number         0  dmul.o ABSOLUTE
    ../fplib/dnaninf.s                       0x00000000   Number         0  dnaninf.o ABSOLUTE
    ../fplib/dretinf.s                       0x00000000   Number         0  dretinf.o ABSOLUTE
    ../fplib/drleqf.s                        0x00000000   Number         0  drleqf.o ABSOLUTE
    ../fplib/dsqrt.s                         0x00000000   Number         0  dsqrt_noumaal.o ABSOLUTE
    ../fplib/f2d.s                           0x00000000   Number         0  f2d.o ABSOLUTE
    ../fplib/faddsub.s                       0x00000000   Number         0  faddsub_clz.o ABSOLUTE
    ../fplib/ffix.s                          0x00000000   Number         0  ffix.o ABSOLUTE
    ../fplib/fflt.s                          0x00000000   Number         0  fflt_clz.o ABSOLUTE
    ../fplib/fnaninf.s                       0x00000000   Number         0  fnaninf.o ABSOLUTE
    ../fplib/fpinit.s                        0x00000000   Number         0  fpinit.o ABSOLUTE
    ../fplib/fpinit_empty.s                  0x00000000   Number         0  fpinit_empty.o ABSOLUTE
    ../fplib/fretinf.s                       0x00000000   Number         0  fretinf.o ABSOLUTE
    ../fplib/retnan.s                        0x00000000   Number         0  retnan.o ABSOLUTE
    ../fplib/scalbn.s                        0x00000000   Number         0  scalbn.o ABSOLUTE
    ../fplib/trapv.s                         0x00000000   Number         0  trapv.o ABSOLUTE
    ../fplib/usenofp.s                       0x00000000   Number         0  usenofp.o ABSOLUTE
    ../mathlib/dunder.c                      0x00000000   Number         0  dunder.o ABSOLUTE
    ../mathlib/fpclassify.c                  0x00000000   Number         0  fpclassify.o ABSOLUTE
    ../mathlib/poly.c                        0x00000000   Number         0  poly.o ABSOLUTE
    ../mathlib/pow.c                         0x00000000   Number         0  pow.o ABSOLUTE
    ../mathlib/qnan.c                        0x00000000   Number         0  qnan.o ABSOLUTE
    ../mathlib/sqrt.c                        0x00000000   Number         0  sqrt.o ABSOLUTE
    ADC_DRIVER.c                             0x00000000   Number         0  adc_driver.o ABSOLUTE
    BUZZER.c                                 0x00000000   Number         0  buzzer.o ABSOLUTE
    GPIO_DRIVER.c                            0x00000000   Number         0  gpio_driver.o ABSOLUTE
    GPIO_STM32F10x.c                         0x00000000   Number         0  gpio_stm32f10x.o ABSOLUTE
    I2C_DRIVER.c                             0x00000000   Number         0  i2c_driver.o ABSOLUTE
    MOTOR_DRIVER.c                           0x00000000   Number         0  motor_driver.o ABSOLUTE
    OLED DRIVER.c                            0x00000000   Number         0  oled driver.o ABSOLUTE
    PID.c                                    0x00000000   Number         0  pid.o ABSOLUTE
    RTE/Device/STM32F103RB/startup_stm32f10x_md.s 0x00000000   Number         0  startup_stm32f10x_md.o ABSOLUTE
    SPI_DRIVER.c                             0x00000000   Number         0  spi_driver.o ABSOLUTE
    SYSTEM_CLOCK.c                           0x00000000   Number         0  system_clock.o ABSOLUTE
    SYSTICK_DRIVER.c                         0x00000000   Number         0  systick_driver.o ABSOLUTE
    TIMER1_DRIVER.c                          0x00000000   Number         0  timer1_driver.o ABSOLUTE
    dc.s                                     0x00000000   Number         0  dc.o ABSOLUTE
    main.c                                   0x00000000   Number         0  main.o ABSOLUTE
    retarget_io.c                            0x00000000   Number         0  retarget_io.o ABSOLUTE
    system_stm32f10x.c                       0x00000000   Number         0  system_stm32f10x.o ABSOLUTE
    RESET                                    0x08000000   Section      236  startup_stm32f10x_md.o(RESET)
    !!!main                                  0x080000ec   Section        8  __main.o(!!!main)
    !!!scatter                               0x080000f4   Section       92  __scatter.o(!!!scatter)
    !!handler_copy                           0x08000150   Section       26  __scatter_copy.o(!!handler_copy)
    !!handler_null                           0x0800016c   Section        2  __scatter.o(!!handler_null)
    !!handler_zi                             0x08000170   Section       28  __scatter_zi.o(!!handler_zi)
    .ARM.Collect$$libinit$$00000000          0x0800018c   Section        2  libinit.o(.ARM.Collect$$libinit$$00000000)
    .ARM.Collect$$libinit$$00000002          0x0800018e   Section        0  libinit2.o(.ARM.Collect$$libinit$$00000002)
    .ARM.Collect$$libinit$$00000004          0x0800018e   Section        0  libinit2.o(.ARM.Collect$$libinit$$00000004)
    .ARM.Collect$$libinit$$00000006          0x0800018e   Section        0  libinit2.o(.ARM.Collect$$libinit$$00000006)
    .ARM.Collect$$libinit$$0000000C          0x0800018e   Section        0  libinit2.o(.ARM.Collect$$libinit$$0000000C)
    .ARM.Collect$$libinit$$0000000E          0x0800018e   Section        0  libinit2.o(.ARM.Collect$$libinit$$0000000E)
    .ARM.Collect$$libinit$$00000010          0x0800018e   Section        0  libinit2.o(.ARM.Collect$$libinit$$00000010)
    .ARM.Collect$$libinit$$00000013          0x0800018e   Section        0  libinit2.o(.ARM.Collect$$libinit$$00000013)
    .ARM.Collect$$libinit$$00000015          0x0800018e   Section        0  libinit2.o(.ARM.Collect$$libinit$$00000015)
    .ARM.Collect$$libinit$$00000017          0x0800018e   Section        0  libinit2.o(.ARM.Collect$$libinit$$00000017)
    .ARM.Collect$$libinit$$00000019          0x0800018e   Section        0  libinit2.o(.ARM.Collect$$libinit$$00000019)
    .ARM.Collect$$libinit$$0000001B          0x0800018e   Section        0  libinit2.o(.ARM.Collect$$libinit$$0000001B)
    .ARM.Collect$$libinit$$0000001D          0x0800018e   Section        0  libinit2.o(.ARM.Collect$$libinit$$0000001D)
    .ARM.Collect$$libinit$$0000001F          0x0800018e   Section        0  libinit2.o(.ARM.Collect$$libinit$$0000001F)
    .ARM.Collect$$libinit$$00000021          0x0800018e   Section        0  libinit2.o(.ARM.Collect$$libinit$$00000021)
    .ARM.Collect$$libinit$$00000023          0x0800018e   Section        0  libinit2.o(.ARM.Collect$$libinit$$00000023)
    .ARM.Collect$$libinit$$00000025          0x0800018e   Section        0  libinit2.o(.ARM.Collect$$libinit$$00000025)
    .ARM.Collect$$libinit$$00000027          0x0800018e   Section        0  libinit2.o(.ARM.Collect$$libinit$$00000027)
    .ARM.Collect$$libinit$$0000002E          0x0800018e   Section        0  libinit2.o(.ARM.Collect$$libinit$$0000002E)
    .ARM.Collect$$libinit$$00000030          0x0800018e   Section        0  libinit2.o(.ARM.Collect$$libinit$$00000030)
    .ARM.Collect$$libinit$$00000032          0x0800018e   Section        0  libinit2.o(.ARM.Collect$$libinit$$00000032)
    .ARM.Collect$$libinit$$00000034          0x0800018e   Section        0  libinit2.o(.ARM.Collect$$libinit$$00000034)
    .ARM.Collect$$libinit$$00000035          0x0800018e   Section        2  libinit2.o(.ARM.Collect$$libinit$$00000035)
    .ARM.Collect$$libshutdown$$00000000      0x08000190   Section        2  libshutdown.o(.ARM.Collect$$libshutdown$$00000000)
    .ARM.Collect$$libshutdown$$00000002      0x08000192   Section        0  libshutdown2.o(.ARM.Collect$$libshutdown$$00000002)
    .ARM.Collect$$libshutdown$$00000004      0x08000192   Section        0  libshutdown2.o(.ARM.Collect$$libshutdown$$00000004)
    .ARM.Collect$$libshutdown$$00000007      0x08000192   Section        0  libshutdown2.o(.ARM.Collect$$libshutdown$$00000007)
    .ARM.Collect$$libshutdown$$0000000A      0x08000192   Section        0  libshutdown2.o(.ARM.Collect$$libshutdown$$0000000A)
    .ARM.Collect$$libshutdown$$0000000C      0x08000192   Section        0  libshutdown2.o(.ARM.Collect$$libshutdown$$0000000C)
    .ARM.Collect$$libshutdown$$0000000F      0x08000192   Section        0  libshutdown2.o(.ARM.Collect$$libshutdown$$0000000F)
    .ARM.Collect$$libshutdown$$00000010      0x08000192   Section        2  libshutdown2.o(.ARM.Collect$$libshutdown$$00000010)
    .ARM.Collect$$rtentry$$00000000          0x08000194   Section        0  __rtentry.o(.ARM.Collect$$rtentry$$00000000)
    .ARM.Collect$$rtentry$$00000002          0x08000194   Section        0  __rtentry2.o(.ARM.Collect$$rtentry$$00000002)
    .ARM.Collect$$rtentry$$00000004          0x08000194   Section        6  __rtentry4.o(.ARM.Collect$$rtentry$$00000004)
    .ARM.Collect$$rtentry$$00000009          0x0800019a   Section        0  __rtentry2.o(.ARM.Collect$$rtentry$$00000009)
    .ARM.Collect$$rtentry$$0000000A          0x0800019a   Section        4  __rtentry2.o(.ARM.Collect$$rtentry$$0000000A)
    .ARM.Collect$$rtentry$$0000000C          0x0800019e   Section        0  __rtentry2.o(.ARM.Collect$$rtentry$$0000000C)
    .ARM.Collect$$rtentry$$0000000D          0x0800019e   Section        8  __rtentry2.o(.ARM.Collect$$rtentry$$0000000D)
    .ARM.Collect$$rtexit$$00000000           0x080001a6   Section        2  rtexit.o(.ARM.Collect$$rtexit$$00000000)
    .ARM.Collect$$rtexit$$00000002           0x080001a8   Section        0  rtexit2.o(.ARM.Collect$$rtexit$$00000002)
    .ARM.Collect$$rtexit$$00000003           0x080001a8   Section        4  rtexit2.o(.ARM.Collect$$rtexit$$00000003)
    .ARM.Collect$$rtexit$$00000004           0x080001ac   Section        6  rtexit2.o(.ARM.Collect$$rtexit$$00000004)
    .text                                    0x080001b4   Section       64  startup_stm32f10x_md.o(.text)
    .text                                    0x080001f4   Section        0  heapauxi.o(.text)
    .text                                    0x080001fa   Section        0  _rserrno.o(.text)
    .text                                    0x08000210   Section        8  rt_errno_addr_intlibspace.o(.text)
    .text                                    0x08000218   Section        8  libspace.o(.text)
    .text                                    0x08000220   Section       74  sys_stackheap_outer.o(.text)
    .text                                    0x0800026a   Section        0  exit.o(.text)
    .text                                    0x0800027c   Section        0  sys_exit.o(.text)
    .text                                    0x08000288   Section        2  use_no_semi.o(.text)
    .text                                    0x0800028a   Section        0  indicate_semi.o(.text)
    [Anonymous Symbol]                       0x0800028c   Section        0  pid.o(.text.PID_Linefollow)
    SetSysClock                              0x0800051d   Thumb Code     8  system_stm32f10x.o(.text.SetSysClock)
    [Anonymous Symbol]                       0x0800051c   Section        0  system_stm32f10x.o(.text.SetSysClock)
    SetSysClockTo72                          0x08000525   Thumb Code   290  system_stm32f10x.o(.text.SetSysClockTo72)
    [Anonymous Symbol]                       0x08000524   Section        0  system_stm32f10x.o(.text.SetSysClockTo72)
    [Anonymous Symbol]                       0x08000648   Section        0  systick_driver.o(.text.SysTick_DelayMc)
    [Anonymous Symbol]                       0x08000668   Section        0  systick_driver.o(.text.SysTick_DelayMicro)
    [Anonymous Symbol]                       0x08000680   Section        0  systick_driver.o(.text.SysTick_DelayMs)
    [Anonymous Symbol]                       0x080006ac   Section        0  system_stm32f10x.o(.text.SystemInit)
    [Anonymous Symbol]                       0x08000714   Section        0  gpio_driver.o(.text.WRITE_GPIO)
    [Anonymous Symbol]                       0x080007a8   Section        0  adc_driver.o(.text.adc_check)
    [Anonymous Symbol]                       0x0800080c   Section        0  adc_driver.o(.text.adc_multi_ch_init)
    [Anonymous Symbol]                       0x08000958   Section        0  adc_driver.o(.text.adc_multi_ch_rx)
    [Anonymous Symbol]                       0x08000a70   Section        0  gpio_driver.o(.text.gpio_init)
    [Anonymous Symbol]                       0x08000b64   Section        0  main.o(.text.main)
    [Anonymous Symbol]                       0x08000c7c   Section        0  main.o(.text.motor_control)
    [Anonymous Symbol]                       0x08000cdc   Section        0  main.o(.text.normalize_line_readings)
    [Anonymous Symbol]                       0x08000d68   Section        0  motor_driver.o(.text.position)
    [Anonymous Symbol]                       0x08000f04   Section        0  systick_driver.o(.text.systickTimer_init)
    [Anonymous Symbol]                       0x08000f30   Section        0  timer1_driver.o(.text.timer1Capture_micro)
    [Anonymous Symbol]                       0x08000fb8   Section        0  timer1_driver.o(.text.timer1PWM_micros)
    [Anonymous Symbol]                       0x08001044   Section        0  timer1_driver.o(.text.timer1_get_capture_micro)
    [Anonymous Symbol]                       0x0800108c   Section        0  buzzer.o(.text.timer3PWM_micros)
    [Anonymous Symbol]                       0x08001118   Section        0  motor_driver.o(.text.timer4_pwm_microsV)
    i.__ARM_fpclassify                       0x080011e6   Section        0  fpclassify.o(i.__ARM_fpclassify)
    i.__kernel_poly                          0x0800120e   Section        0  poly.o(i.__kernel_poly)
    i.__mathlib_dbl_divzero                  0x080012b8   Section        0  dunder.o(i.__mathlib_dbl_divzero)
    i.__mathlib_dbl_infnan2                  0x080012c8   Section        0  dunder.o(i.__mathlib_dbl_infnan2)
    i.__mathlib_dbl_invalid                  0x080012cc   Section        0  dunder.o(i.__mathlib_dbl_invalid)
    i.__mathlib_dbl_overflow                 0x080012d8   Section        0  dunder.o(i.__mathlib_dbl_overflow)
    i.__mathlib_dbl_underflow                0x080012e8   Section        0  dunder.o(i.__mathlib_dbl_underflow)
    i.pow                                    0x080012f8   Section        0  pow.o(i.pow)
    i.sqrt                                   0x08001ce4   Section        0  sqrt.o(i.sqrt)
    x$fpl$d2f                                0x08001d30   Section       98  d2f.o(x$fpl$d2f)
    x$fpl$dadd                               0x08001d94   Section      336  daddsub_clz.o(x$fpl$dadd)
    _dadd1                                   0x08001da5   Thumb Code     0  daddsub_clz.o(x$fpl$dadd)
    x$fpl$dcheck1                            0x08001ee4   Section       16  dcheck1.o(x$fpl$dcheck1)
    x$fpl$dcmpinf                            0x08001ef4   Section       24  dcmpi.o(x$fpl$dcmpinf)
    x$fpl$ddiv                               0x08001f0c   Section      696  ddiv.o(x$fpl$ddiv)
    ddiv_entry                               0x08001f13   Thumb Code     0  ddiv.o(x$fpl$ddiv)
    x$fpl$dflt                               0x080021c4   Section       46  dflt_clz.o(x$fpl$dflt)
    x$fpl$dfltu                              0x080021f2   Section       38  dflt_clz.o(x$fpl$dfltu)
    x$fpl$dleqf                              0x08002218   Section      120  dleqf.o(x$fpl$dleqf)
    x$fpl$dmul                               0x08002290   Section      340  dmul.o(x$fpl$dmul)
    x$fpl$dnaninf                            0x080023e4   Section      156  dnaninf.o(x$fpl$dnaninf)
    x$fpl$dretinf                            0x08002480   Section       12  dretinf.o(x$fpl$dretinf)
    x$fpl$drleqf                             0x0800248c   Section      108  drleqf.o(x$fpl$drleqf)
    x$fpl$drsb                               0x080024f8   Section       22  daddsub_clz.o(x$fpl$drsb)
    x$fpl$dsqrt                              0x08002510   Section      460  dsqrt_noumaal.o(x$fpl$dsqrt)
    x$fpl$dsub                               0x080026dc   Section      476  daddsub_clz.o(x$fpl$dsub)
    _dsub1                                   0x080026ed   Thumb Code     0  daddsub_clz.o(x$fpl$dsub)
    x$fpl$f2d                                0x080028b8   Section       86  f2d.o(x$fpl$f2d)
    x$fpl$fadd                               0x08002910   Section      196  faddsub_clz.o(x$fpl$fadd)
    _fadd1                                   0x0800291f   Thumb Code     0  faddsub_clz.o(x$fpl$fadd)
    x$fpl$ffix                               0x080029d4   Section       54  ffix.o(x$fpl$ffix)
    x$fpl$fflt                               0x08002a0c   Section       48  fflt_clz.o(x$fpl$fflt)
    x$fpl$fnaninf                            0x08002a3c   Section      140  fnaninf.o(x$fpl$fnaninf)
    x$fpl$fretinf                            0x08002ac8   Section       10  fretinf.o(x$fpl$fretinf)
    x$fpl$fsub                               0x08002ad4   Section      234  faddsub_clz.o(x$fpl$fsub)
    _fsub1                                   0x08002ae3   Thumb Code     0  faddsub_clz.o(x$fpl$fsub)
    x$fpl$retnan                             0x08002bbe   Section      100  retnan.o(x$fpl$retnan)
    x$fpl$scalbn                             0x08002c22   Section       92  scalbn.o(x$fpl$scalbn)
    x$fpl$trapveneer                         0x08002c7e   Section       48  trapv.o(x$fpl$trapveneer)
    x$fpl$usenofp                            0x08002cae   Section        0  usenofp.o(x$fpl$usenofp)
    bp                                       0x08002cb0   Data          16  pow.o(.constdata)
    .constdata                               0x08002cb0   Section      136  pow.o(.constdata)
    dp_h                                     0x08002cc0   Data          16  pow.o(.constdata)
    dp_l                                     0x08002cd0   Data          16  pow.o(.constdata)
    L                                        0x08002ce0   Data          48  pow.o(.constdata)
    P                                        0x08002d10   Data          40  pow.o(.constdata)
    .constdata                               0x08002d38   Section        8  qnan.o(.constdata)
    .bss                                     0x20000028   Section       96  libspace.o(.bss)
    Heap_Mem                                 0x200000f0   Data         512  startup_stm32f10x_md.o(HEAP)
    HEAP                                     0x200000f0   Section      512  startup_stm32f10x_md.o(HEAP)
    Stack_Mem                                0x200002f0   Data        1024  startup_stm32f10x_md.o(STACK)
    STACK                                    0x200002f0   Section     1024  startup_stm32f10x_md.o(STACK)
    __initial_sp                             0x200006f0   Data           0  startup_stm32f10x_md.o(STACK)

    Global Symbols

    Symbol Name                              Value     Ov Type        Size  Object(Section)

    BuildAttributes$$THM_ISAv4$P$D$K$B$S$PE$A:L22UL41UL21$X:L11$S22US41US21$IEEE1$IW$~IW$USESV6$~STKCKD$USESV7$~SHL$OTIME$ROPI$IEEEX$EBA8$UX$STANDARDLIB$REQ8$PRES8$EABIv2 0x00000000   Number         0  anon$$obj.o ABSOLUTE
    __fp_init_empty                          0x00000000   Number         0  fpinit_empty.o ABSOLUTE
    __ARM_exceptions_init                     - Undefined Weak Reference
    __alloca_initialize                       - Undefined Weak Reference
    __arm_preinit_                            - Undefined Weak Reference
    __arm_relocate_pie_                       - Undefined Weak Reference
    __cpp_initialize__aeabi_                  - Undefined Weak Reference
    __cxa_finalize                            - Undefined Weak Reference
    __rt_locale                               - Undefined Weak Reference
    __sigvec_lookup                           - Undefined Weak Reference
    _atexit_init                              - Undefined Weak Reference
    _call_atexit_fns                          - Undefined Weak Reference
    _clock_init                               - Undefined Weak Reference
    _fp_trap_init                             - Undefined Weak Reference
    _fp_trap_shutdown                         - Undefined Weak Reference
    _get_lc_collate                           - Undefined Weak Reference
    _get_lc_ctype                             - Undefined Weak Reference
    _get_lc_monetary                          - Undefined Weak Reference
    _get_lc_numeric                           - Undefined Weak Reference
    _get_lc_time                              - Undefined Weak Reference
    _getenv_init                              - Undefined Weak Reference
    _handle_redirection                       - Undefined Weak Reference
    _init_alloc                               - Undefined Weak Reference
    _init_user_alloc                          - Undefined Weak Reference
    _initio                                   - Undefined Weak Reference
    _rand_init                                - Undefined Weak Reference
    _signal_finish                            - Undefined Weak Reference
    _signal_init                              - Undefined Weak Reference
    _terminate_alloc                          - Undefined Weak Reference
    _terminate_user_alloc                     - Undefined Weak Reference
    _terminateio                              - Undefined Weak Reference
    __Vectors_Size                           0x000000ec   Number         0  startup_stm32f10x_md.o ABSOLUTE
    __Vectors                                0x08000000   Data           4  startup_stm32f10x_md.o(RESET)
    __Vectors_End                            0x080000ec   Data           0  startup_stm32f10x_md.o(RESET)
    __main                                   0x080000ed   Thumb Code     8  __main.o(!!!main)
    __scatterload                            0x080000f5   Thumb Code     0  __scatter.o(!!!scatter)
    __scatterload_rt2                        0x080000f5   Thumb Code    84  __scatter.o(!!!scatter)
    __scatterload_rt2_thumb_only             0x080000f5   Thumb Code     0  __scatter.o(!!!scatter)
    __scatterload_loop                       0x080000ff   Thumb Code     0  __scatter.o(!!!scatter)
    __scatterload_copy                       0x08000151   Thumb Code    26  __scatter_copy.o(!!handler_copy)
    __scatterload_null                       0x0800016d   Thumb Code     2  __scatter.o(!!handler_null)
    __scatterload_zeroinit                   0x08000171   Thumb Code    28  __scatter_zi.o(!!handler_zi)
    __rt_lib_init                            0x0800018d   Thumb Code     0  libinit.o(.ARM.Collect$$libinit$$00000000)
    __rt_lib_init_alloca_1                   0x0800018f   Thumb Code     0  libinit2.o(.ARM.Collect$$libinit$$00000030)
    __rt_lib_init_argv_1                     0x0800018f   Thumb Code     0  libinit2.o(.ARM.Collect$$libinit$$0000002E)
    __rt_lib_init_atexit_1                   0x0800018f   Thumb Code     0  libinit2.o(.ARM.Collect$$libinit$$0000001D)
    __rt_lib_init_clock_1                    0x0800018f   Thumb Code     0  libinit2.o(.ARM.Collect$$libinit$$00000023)
    __rt_lib_init_cpp_1                      0x0800018f   Thumb Code     0  libinit2.o(.ARM.Collect$$libinit$$00000034)
    __rt_lib_init_exceptions_1               0x0800018f   Thumb Code     0  libinit2.o(.ARM.Collect$$libinit$$00000032)
    __rt_lib_init_fp_1                       0x0800018f   Thumb Code     0  libinit2.o(.ARM.Collect$$libinit$$00000002)
    __rt_lib_init_fp_trap_1                  0x0800018f   Thumb Code     0  libinit2.o(.ARM.Collect$$libinit$$00000021)
    __rt_lib_init_getenv_1                   0x0800018f   Thumb Code     0  libinit2.o(.ARM.Collect$$libinit$$00000025)
    __rt_lib_init_heap_1                     0x0800018f   Thumb Code     0  libinit2.o(.ARM.Collect$$libinit$$0000000C)
    __rt_lib_init_lc_collate_1               0x0800018f   Thumb Code     0  libinit2.o(.ARM.Collect$$libinit$$00000013)
    __rt_lib_init_lc_ctype_1                 0x0800018f   Thumb Code     0  libinit2.o(.ARM.Collect$$libinit$$00000015)
    __rt_lib_init_lc_monetary_1              0x0800018f   Thumb Code     0  libinit2.o(.ARM.Collect$$libinit$$00000017)
    __rt_lib_init_lc_numeric_1               0x0800018f   Thumb Code     0  libinit2.o(.ARM.Collect$$libinit$$00000019)
    __rt_lib_init_lc_time_1                  0x0800018f   Thumb Code     0  libinit2.o(.ARM.Collect$$libinit$$0000001B)
    __rt_lib_init_preinit_1                  0x0800018f   Thumb Code     0  libinit2.o(.ARM.Collect$$libinit$$00000006)
    __rt_lib_init_rand_1                     0x0800018f   Thumb Code     0  libinit2.o(.ARM.Collect$$libinit$$00000010)
    __rt_lib_init_relocate_pie_1             0x0800018f   Thumb Code     0  libinit2.o(.ARM.Collect$$libinit$$00000004)
    __rt_lib_init_return                     0x0800018f   Thumb Code     0  libinit2.o(.ARM.Collect$$libinit$$00000035)
    __rt_lib_init_signal_1                   0x0800018f   Thumb Code     0  libinit2.o(.ARM.Collect$$libinit$$0000001F)
    __rt_lib_init_stdio_1                    0x0800018f   Thumb Code     0  libinit2.o(.ARM.Collect$$libinit$$00000027)
    __rt_lib_init_user_alloc_1               0x0800018f   Thumb Code     0  libinit2.o(.ARM.Collect$$libinit$$0000000E)
    __rt_lib_shutdown                        0x08000191   Thumb Code     0  libshutdown.o(.ARM.Collect$$libshutdown$$00000000)
    __rt_lib_shutdown_cpp_1                  0x08000193   Thumb Code     0  libshutdown2.o(.ARM.Collect$$libshutdown$$00000002)
    __rt_lib_shutdown_fp_trap_1              0x08000193   Thumb Code     0  libshutdown2.o(.ARM.Collect$$libshutdown$$00000007)
    __rt_lib_shutdown_heap_1                 0x08000193   Thumb Code     0  libshutdown2.o(.ARM.Collect$$libshutdown$$0000000F)
    __rt_lib_shutdown_return                 0x08000193   Thumb Code     0  libshutdown2.o(.ARM.Collect$$libshutdown$$00000010)
    __rt_lib_shutdown_signal_1               0x08000193   Thumb Code     0  libshutdown2.o(.ARM.Collect$$libshutdown$$0000000A)
    __rt_lib_shutdown_stdio_1                0x08000193   Thumb Code     0  libshutdown2.o(.ARM.Collect$$libshutdown$$00000004)
    __rt_lib_shutdown_user_alloc_1           0x08000193   Thumb Code     0  libshutdown2.o(.ARM.Collect$$libshutdown$$0000000C)
    __rt_entry                               0x08000195   Thumb Code     0  __rtentry.o(.ARM.Collect$$rtentry$$00000000)
    __rt_entry_presh_1                       0x08000195   Thumb Code     0  __rtentry2.o(.ARM.Collect$$rtentry$$00000002)
    __rt_entry_sh                            0x08000195   Thumb Code     0  __rtentry4.o(.ARM.Collect$$rtentry$$00000004)
    __rt_entry_li                            0x0800019b   Thumb Code     0  __rtentry2.o(.ARM.Collect$$rtentry$$0000000A)
    __rt_entry_postsh_1                      0x0800019b   Thumb Code     0  __rtentry2.o(.ARM.Collect$$rtentry$$00000009)
    __rt_entry_main                          0x0800019f   Thumb Code     0  __rtentry2.o(.ARM.Collect$$rtentry$$0000000D)
    __rt_entry_postli_1                      0x0800019f   Thumb Code     0  __rtentry2.o(.ARM.Collect$$rtentry$$0000000C)
    __rt_exit                                0x080001a7   Thumb Code     0  rtexit.o(.ARM.Collect$$rtexit$$00000000)
    __rt_exit_ls                             0x080001a9   Thumb Code     0  rtexit2.o(.ARM.Collect$$rtexit$$00000003)
    __rt_exit_prels_1                        0x080001a9   Thumb Code     0  rtexit2.o(.ARM.Collect$$rtexit$$00000002)
    __rt_exit_exit                           0x080001ad   Thumb Code     0  rtexit2.o(.ARM.Collect$$rtexit$$00000004)
    Reset_Handler                            0x080001b5   Thumb Code     8  startup_stm32f10x_md.o(.text)
    NMI_Handler                              0x080001bd   Thumb Code     2  startup_stm32f10x_md.o(.text)
    HardFault_Handler                        0x080001bf   Thumb Code     2  startup_stm32f10x_md.o(.text)
    MemManage_Handler                        0x080001c1   Thumb Code     2  startup_stm32f10x_md.o(.text)
    BusFault_Handler                         0x080001c3   Thumb Code     2  startup_stm32f10x_md.o(.text)
    UsageFault_Handler                       0x080001c5   Thumb Code     2  startup_stm32f10x_md.o(.text)
    SVC_Handler                              0x080001c7   Thumb Code     2  startup_stm32f10x_md.o(.text)
    DebugMon_Handler                         0x080001c9   Thumb Code     2  startup_stm32f10x_md.o(.text)
    PendSV_Handler                           0x080001cb   Thumb Code     2  startup_stm32f10x_md.o(.text)
    SysTick_Handler                          0x080001cd   Thumb Code     2  startup_stm32f10x_md.o(.text)
    ADC1_2_IRQHandler                        0x080001cf   Thumb Code     0  startup_stm32f10x_md.o(.text)
    CAN1_RX1_IRQHandler                      0x080001cf   Thumb Code     0  startup_stm32f10x_md.o(.text)
    CAN1_SCE_IRQHandler                      0x080001cf   Thumb Code     0  startup_stm32f10x_md.o(.text)
    DMA1_Channel1_IRQHandler                 0x080001cf   Thumb Code     0  startup_stm32f10x_md.o(.text)
    DMA1_Channel2_IRQHandler                 0x080001cf   Thumb Code     0  startup_stm32f10x_md.o(.text)
    DMA1_Channel3_IRQHandler                 0x080001cf   Thumb Code     0  startup_stm32f10x_md.o(.text)
    DMA1_Channel4_IRQHandler                 0x080001cf   Thumb Code     0  startup_stm32f10x_md.o(.text)
    DMA1_Channel5_IRQHandler                 0x080001cf   Thumb Code     0  startup_stm32f10x_md.o(.text)
    DMA1_Channel6_IRQHandler                 0x080001cf   Thumb Code     0  startup_stm32f10x_md.o(.text)
    DMA1_Channel7_IRQHandler                 0x080001cf   Thumb Code     0  startup_stm32f10x_md.o(.text)
    EXTI0_IRQHandler                         0x080001cf   Thumb Code     0  startup_stm32f10x_md.o(.text)
    EXTI15_10_IRQHandler                     0x080001cf   Thumb Code     0  startup_stm32f10x_md.o(.text)
    EXTI1_IRQHandler                         0x080001cf   Thumb Code     0  startup_stm32f10x_md.o(.text)
    EXTI2_IRQHandler                         0x080001cf   Thumb Code     0  startup_stm32f10x_md.o(.text)
    EXTI3_IRQHandler                         0x080001cf   Thumb Code     0  startup_stm32f10x_md.o(.text)
    EXTI4_IRQHandler                         0x080001cf   Thumb Code     0  startup_stm32f10x_md.o(.text)
    EXTI9_5_IRQHandler                       0x080001cf   Thumb Code     0  startup_stm32f10x_md.o(.text)
    FLASH_IRQHandler                         0x080001cf   Thumb Code     0  startup_stm32f10x_md.o(.text)
    I2C1_ER_IRQHandler                       0x080001cf   Thumb Code     0  startup_stm32f10x_md.o(.text)
    I2C1_EV_IRQHandler                       0x080001cf   Thumb Code     0  startup_stm32f10x_md.o(.text)
    I2C2_ER_IRQHandler                       0x080001cf   Thumb Code     0  startup_stm32f10x_md.o(.text)
    I2C2_EV_IRQHandler                       0x080001cf   Thumb Code     0  startup_stm32f10x_md.o(.text)
    PVD_IRQHandler                           0x080001cf   Thumb Code     0  startup_stm32f10x_md.o(.text)
    RCC_IRQHandler                           0x080001cf   Thumb Code     0  startup_stm32f10x_md.o(.text)
    RTCAlarm_IRQHandler                      0x080001cf   Thumb Code     0  startup_stm32f10x_md.o(.text)
    RTC_IRQHandler                           0x080001cf   Thumb Code     0  startup_stm32f10x_md.o(.text)
    SPI1_IRQHandler                          0x080001cf   Thumb Code     0  startup_stm32f10x_md.o(.text)
    SPI2_IRQHandler                          0x080001cf   Thumb Code     0  startup_stm32f10x_md.o(.text)
    TAMPER_IRQHandler                        0x080001cf   Thumb Code     0  startup_stm32f10x_md.o(.text)
    TIM1_BRK_IRQHandler                      0x080001cf   Thumb Code     0  startup_stm32f10x_md.o(.text)
    TIM1_CC_IRQHandler                       0x080001cf   Thumb Code     0  startup_stm32f10x_md.o(.text)
    TIM1_TRG_COM_IRQHandler                  0x080001cf   Thumb Code     0  startup_stm32f10x_md.o(.text)
    TIM1_UP_IRQHandler                       0x080001cf   Thumb Code     0  startup_stm32f10x_md.o(.text)
    TIM2_IRQHandler                          0x080001cf   Thumb Code     0  startup_stm32f10x_md.o(.text)
    TIM3_IRQHandler                          0x080001cf   Thumb Code     0  startup_stm32f10x_md.o(.text)
    TIM4_IRQHandler                          0x080001cf   Thumb Code     0  startup_stm32f10x_md.o(.text)
    USART1_IRQHandler                        0x080001cf   Thumb Code     0  startup_stm32f10x_md.o(.text)
    USART2_IRQHandler                        0x080001cf   Thumb Code     0  startup_stm32f10x_md.o(.text)
    USART3_IRQHandler                        0x080001cf   Thumb Code     0  startup_stm32f10x_md.o(.text)
    USBWakeUp_IRQHandler                     0x080001cf   Thumb Code     0  startup_stm32f10x_md.o(.text)
    USB_HP_CAN1_TX_IRQHandler                0x080001cf   Thumb Code     0  startup_stm32f10x_md.o(.text)
    USB_LP_CAN1_RX0_IRQHandler               0x080001cf   Thumb Code     0  startup_stm32f10x_md.o(.text)
    WWDG_IRQHandler                          0x080001cf   Thumb Code     0  startup_stm32f10x_md.o(.text)
    __user_initial_stackheap                 0x080001d1   Thumb Code     0  startup_stm32f10x_md.o(.text)
    __use_two_region_memory                  0x080001f5   Thumb Code     2  heapauxi.o(.text)
    __rt_heap_escrow$2region                 0x080001f7   Thumb Code     2  heapauxi.o(.text)
    __rt_heap_expand$2region                 0x080001f9   Thumb Code     2  heapauxi.o(.text)
    __read_errno                             0x080001fb   Thumb Code    10  _rserrno.o(.text)
    __set_errno                              0x08000205   Thumb Code    12  _rserrno.o(.text)
    __aeabi_errno_addr                       0x08000211   Thumb Code     8  rt_errno_addr_intlibspace.o(.text)
    __errno$intlibspace                      0x08000211   Thumb Code     0  rt_errno_addr_intlibspace.o(.text)
    __rt_errno_addr$intlibspace              0x08000211   Thumb Code     0  rt_errno_addr_intlibspace.o(.text)
    __user_libspace                          0x08000219   Thumb Code     8  libspace.o(.text)
    __user_perproc_libspace                  0x08000219   Thumb Code     0  libspace.o(.text)
    __user_perthread_libspace                0x08000219   Thumb Code     0  libspace.o(.text)
    __user_setup_stackheap                   0x08000221   Thumb Code    74  sys_stackheap_outer.o(.text)
    exit                                     0x0800026b   Thumb Code    18  exit.o(.text)
    _sys_exit                                0x0800027d   Thumb Code     8  sys_exit.o(.text)
    __I$use$semihosting                      0x08000289   Thumb Code     0  use_no_semi.o(.text)
    __use_no_semihosting_swi                 0x08000289   Thumb Code     2  use_no_semi.o(.text)
    __semihosting_library_function           0x0800028b   Thumb Code     0  indicate_semi.o(.text)
    PID_Linefollow                           0x0800028d   Thumb Code   654  pid.o(.text.PID_Linefollow)
    SysTick_DelayMc                          0x08000649   Thumb Code    32  systick_driver.o(.text.SysTick_DelayMc)
    SysTick_DelayMicro                       0x08000669   Thumb Code    24  systick_driver.o(.text.SysTick_DelayMicro)
    SysTick_DelayMs                          0x08000681   Thumb Code    42  systick_driver.o(.text.SysTick_DelayMs)
    SystemInit                               0x080006ad   Thumb Code   102  system_stm32f10x.o(.text.SystemInit)
    WRITE_GPIO                               0x08000715   Thumb Code   146  gpio_driver.o(.text.WRITE_GPIO)
    adc_check                                0x080007a9   Thumb Code    98  adc_driver.o(.text.adc_check)
    adc_multi_ch_init                        0x0800080d   Thumb Code   332  adc_driver.o(.text.adc_multi_ch_init)
    adc_multi_ch_rx                          0x08000959   Thumb Code   278  adc_driver.o(.text.adc_multi_ch_rx)
    gpio_init                                0x08000a71   Thumb Code   242  gpio_driver.o(.text.gpio_init)
    main                                     0x08000b65   Thumb Code   280  main.o(.text.main)
    motor_control                            0x08000c7d   Thumb Code    94  main.o(.text.motor_control)
    normalize_line_readings                  0x08000cdd   Thumb Code   140  main.o(.text.normalize_line_readings)
    position                                 0x08000d69   Thumb Code   410  motor_driver.o(.text.position)
    systickTimer_init                        0x08000f05   Thumb Code    42  systick_driver.o(.text.systickTimer_init)
    timer1Capture_micro                      0x08000f31   Thumb Code   134  timer1_driver.o(.text.timer1Capture_micro)
    timer1PWM_micros                         0x08000fb9   Thumb Code   140  timer1_driver.o(.text.timer1PWM_micros)
    timer1_get_capture_micro                 0x08001045   Thumb Code    70  timer1_driver.o(.text.timer1_get_capture_micro)
    timer3PWM_micros                         0x0800108d   Thumb Code   140  buzzer.o(.text.timer3PWM_micros)
    timer4_pwm_microsV                       0x08001119   Thumb Code   206  motor_driver.o(.text.timer4_pwm_microsV)
    __ARM_fpclassify                         0x080011e7   Thumb Code    40  fpclassify.o(i.__ARM_fpclassify)
    __kernel_poly                            0x0800120f   Thumb Code   170  poly.o(i.__kernel_poly)
    __mathlib_dbl_divzero                    0x080012b9   Thumb Code    12  dunder.o(i.__mathlib_dbl_divzero)
    __mathlib_dbl_infnan2                    0x080012c9   Thumb Code     4  dunder.o(i.__mathlib_dbl_infnan2)
    __mathlib_dbl_invalid                    0x080012cd   Thumb Code    12  dunder.o(i.__mathlib_dbl_invalid)
    __mathlib_dbl_overflow                   0x080012d9   Thumb Code    14  dunder.o(i.__mathlib_dbl_overflow)
    __mathlib_dbl_underflow                  0x080012e9   Thumb Code    10  dunder.o(i.__mathlib_dbl_underflow)
    pow                                      0x080012f9   Thumb Code  2532  pow.o(i.pow)
    sqrt                                     0x08001ce5   Thumb Code    76  sqrt.o(i.sqrt)
    __aeabi_d2f                              0x08001d31   Thumb Code     0  d2f.o(x$fpl$d2f)
    _d2f                                     0x08001d31   Thumb Code    98  d2f.o(x$fpl$d2f)
    __aeabi_dadd                             0x08001d95   Thumb Code     0  daddsub_clz.o(x$fpl$dadd)
    _dadd                                    0x08001d95   Thumb Code   332  daddsub_clz.o(x$fpl$dadd)
    __fpl_dcheck_NaN1                        0x08001ee5   Thumb Code    10  dcheck1.o(x$fpl$dcheck1)
    __fpl_dcmp_Inf                           0x08001ef5   Thumb Code    24  dcmpi.o(x$fpl$dcmpinf)
    __aeabi_ddiv                             0x08001f0d   Thumb Code     0  ddiv.o(x$fpl$ddiv)
    _ddiv                                    0x08001f0d   Thumb Code   560  ddiv.o(x$fpl$ddiv)
    __aeabi_i2d                              0x080021c5   Thumb Code     0  dflt_clz.o(x$fpl$dflt)
    _dflt                                    0x080021c5   Thumb Code    46  dflt_clz.o(x$fpl$dflt)
    __aeabi_ui2d                             0x080021f3   Thumb Code     0  dflt_clz.o(x$fpl$dfltu)
    _dfltu                                   0x080021f3   Thumb Code    38  dflt_clz.o(x$fpl$dfltu)
    __aeabi_cdcmple                          0x08002219   Thumb Code     0  dleqf.o(x$fpl$dleqf)
    _dcmple                                  0x08002219   Thumb Code   120  dleqf.o(x$fpl$dleqf)
    __fpl_dcmple_InfNaN                      0x0800227b   Thumb Code     0  dleqf.o(x$fpl$dleqf)
    __aeabi_dmul                             0x08002291   Thumb Code     0  dmul.o(x$fpl$dmul)
    _dmul                                    0x08002291   Thumb Code   332  dmul.o(x$fpl$dmul)
    __fpl_dnaninf                            0x080023e5   Thumb Code   156  dnaninf.o(x$fpl$dnaninf)
    __fpl_dretinf                            0x08002481   Thumb Code    12  dretinf.o(x$fpl$dretinf)
    __aeabi_cdrcmple                         0x0800248d   Thumb Code     0  drleqf.o(x$fpl$drleqf)
    _drcmple                                 0x0800248d   Thumb Code   108  drleqf.o(x$fpl$drleqf)
    __aeabi_drsub                            0x080024f9   Thumb Code     0  daddsub_clz.o(x$fpl$drsb)
    _drsb                                    0x080024f9   Thumb Code    22  daddsub_clz.o(x$fpl$drsb)
    _dsqrt                                   0x08002511   Thumb Code   456  dsqrt_noumaal.o(x$fpl$dsqrt)
    __aeabi_dsub                             0x080026dd   Thumb Code     0  daddsub_clz.o(x$fpl$dsub)
    _dsub                                    0x080026dd   Thumb Code   472  daddsub_clz.o(x$fpl$dsub)
    __aeabi_f2d                              0x080028b9   Thumb Code     0  f2d.o(x$fpl$f2d)
    _f2d                                     0x080028b9   Thumb Code    86  f2d.o(x$fpl$f2d)
    __aeabi_fadd                             0x08002911   Thumb Code     0  faddsub_clz.o(x$fpl$fadd)
    _fadd                                    0x08002911   Thumb Code   196  faddsub_clz.o(x$fpl$fadd)
    __aeabi_f2iz                             0x080029d5   Thumb Code     0  ffix.o(x$fpl$ffix)
    _ffix                                    0x080029d5   Thumb Code    54  ffix.o(x$fpl$ffix)
    __aeabi_i2f                              0x08002a0d   Thumb Code     0  fflt_clz.o(x$fpl$fflt)
    _fflt                                    0x08002a0d   Thumb Code    48  fflt_clz.o(x$fpl$fflt)
    __fpl_fnaninf                            0x08002a3d   Thumb Code   140  fnaninf.o(x$fpl$fnaninf)
    __fpl_fretinf                            0x08002ac9   Thumb Code    10  fretinf.o(x$fpl$fretinf)
    __aeabi_fsub                             0x08002ad5   Thumb Code     0  faddsub_clz.o(x$fpl$fsub)
    _fsub                                    0x08002ad5   Thumb Code   234  faddsub_clz.o(x$fpl$fsub)
    __fpl_return_NaN                         0x08002bbf   Thumb Code   100  retnan.o(x$fpl$retnan)
    __ARM_scalbn                             0x08002c23   Thumb Code    92  scalbn.o(x$fpl$scalbn)
    __fpl_cmpreturn                          0x08002c7f   Thumb Code    48  trapv.o(x$fpl$trapveneer)
    __I$use$fp                               0x08002cae   Number         0  usenofp.o(x$fpl$usenofp)
    __mathlib_zero                           0x08002d38   Data           8  qnan.o(.constdata)
    Region$$Table$$Base                      0x08002d40   Number         0  anon$$obj.o(Region$$Table)
    Region$$Table$$Limit                     0x08002d60   Number         0  anon$$obj.o(Region$$Table)
    Kd                                       0x20000000   Data           4  pid.o(.data.Kd)
    Ki                                       0x20000004   Data           4  pid.o(.data.Ki)
    Kp                                       0x20000008   Data           4  pid.o(.data.Kp)
    adc_channelsA                            0x2000000c   Data          17  main.o(.data.adc_channelsA)
    channelsA                                0x2000001d   Data           1  main.o(.data.channelsA)
    lfspeed                                  0x20000020   Data           4  pid.o(.data.lfspeed)
    multiD                                   0x20000024   Data           1  pid.o(.data.multiD)
    multiI                                   0x20000025   Data           1  pid.o(.data.multiI)
    multiP                                   0x20000026   Data           1  pid.o(.data.multiP)
    __libspace_start                         0x20000028   Data          96  libspace.o(.bss)
    D                                        0x20000088   Data           4  pid.o(.bss.D)
    __temporary_stack_top$libspace           0x20000088   Data           0  libspace.o(.bss)
    Dvalue                                   0x2000008c   Data           4  pid.o(.bss.Dvalue)
    I                                        0x20000090   Data           4  pid.o(.bss.I)
    Ivalue                                   0x20000094   Data           4  pid.o(.bss.Ivalue)
    P                                        0x20000098   Data           4  pid.o(.bss.P)
    Pvalue                                   0x2000009c   Data           4  pid.o(.bss.Pvalue)
    analog_rxA                               0x200000a0   Data          28  main.o(.bss.analog_rxA)
    lsp                                      0x200000bc   Data           4  pid.o(.bss.lsp)
    myDistance                               0x200000c0   Data           4  main.o(.bss.myDistance)
    normalized                               0x200000c4   Data          28  main.o(.bss.normalized)
    p                                        0x200000e0   Data           4  main.o(.bss.p)
    previousError                            0x200000e4   Data           4  pid.o(.bss.previousError)
    rsp                                      0x200000e8   Data           4  pid.o(.bss.rsp)



==============================================================================

Memory Map of the image

  Image Entry point : 0x080001b5

  Load Region LR_1 (Base: 0x08000000, Size: 0x00002d88, Max: 0xffffffff, ABSOLUTE)

    Execution Region ER_RO (Exec base: 0x08000000, Load base: 0x08000000, Size: 0x00002d60, Max: 0xffffffff, ABSOLUTE)

    Exec Addr    Load Addr    Size         Type   Attr      Idx    E Section Name        Object

    0x08000000   0x08000000   0x000000ec   Data   RO          255    RESET               startup_stm32f10x_md.o
    0x080000ec   0x080000ec   0x00000008   Code   RO          283  * !!!main             c_w.l(__main.o)
    0x080000f4   0x080000f4   0x0000005c   Code   RO          546    !!!scatter          c_w.l(__scatter.o)
    0x08000150   0x08000150   0x0000001a   Code   RO          550    !!handler_copy      c_w.l(__scatter_copy.o)
    0x0800016a   0x0800016a   0x00000002   PAD
    0x0800016c   0x0800016c   0x00000002   Code   RO          547    !!handler_null      c_w.l(__scatter.o)
    0x0800016e   0x0800016e   0x00000002   PAD
    0x08000170   0x08000170   0x0000001c   Code   RO          552    !!handler_zi        c_w.l(__scatter_zi.o)
    0x0800018c   0x0800018c   0x00000002   Code   RO          405    .ARM.Collect$$libinit$$00000000  c_w.l(libinit.o)
    0x0800018e   0x0800018e   0x00000000   Code   RO          413    .ARM.Collect$$libinit$$00000002  c_w.l(libinit2.o)
    0x0800018e   0x0800018e   0x00000000   Code   RO          415    .ARM.Collect$$libinit$$00000004  c_w.l(libinit2.o)
    0x0800018e   0x0800018e   0x00000000   Code   RO          417    .ARM.Collect$$libinit$$00000006  c_w.l(libinit2.o)
    0x0800018e   0x0800018e   0x00000000   Code   RO          420    .ARM.Collect$$libinit$$0000000C  c_w.l(libinit2.o)
    0x0800018e   0x0800018e   0x00000000   Code   RO          422    .ARM.Collect$$libinit$$0000000E  c_w.l(libinit2.o)
    0x0800018e   0x0800018e   0x00000000   Code   RO          424    .ARM.Collect$$libinit$$00000010  c_w.l(libinit2.o)
    0x0800018e   0x0800018e   0x00000000   Code   RO          427    .ARM.Collect$$libinit$$00000013  c_w.l(libinit2.o)
    0x0800018e   0x0800018e   0x00000000   Code   RO          429    .ARM.Collect$$libinit$$00000015  c_w.l(libinit2.o)
    0x0800018e   0x0800018e   0x00000000   Code   RO          431    .ARM.Collect$$libinit$$00000017  c_w.l(libinit2.o)
    0x0800018e   0x0800018e   0x00000000   Code   RO          433    .ARM.Collect$$libinit$$00000019  c_w.l(libinit2.o)
    0x0800018e   0x0800018e   0x00000000   Code   RO          435    .ARM.Collect$$libinit$$0000001B  c_w.l(libinit2.o)
    0x0800018e   0x0800018e   0x00000000   Code   RO          437    .ARM.Collect$$libinit$$0000001D  c_w.l(libinit2.o)
    0x0800018e   0x0800018e   0x00000000   Code   RO          439    .ARM.Collect$$libinit$$0000001F  c_w.l(libinit2.o)
    0x0800018e   0x0800018e   0x00000000   Code   RO          441    .ARM.Collect$$libinit$$00000021  c_w.l(libinit2.o)
    0x0800018e   0x0800018e   0x00000000   Code   RO          443    .ARM.Collect$$libinit$$00000023  c_w.l(libinit2.o)
    0x0800018e   0x0800018e   0x00000000   Code   RO          445    .ARM.Collect$$libinit$$00000025  c_w.l(libinit2.o)
    0x0800018e   0x0800018e   0x00000000   Code   RO          447    .ARM.Collect$$libinit$$00000027  c_w.l(libinit2.o)
    0x0800018e   0x0800018e   0x00000000   Code   RO          451    .ARM.Collect$$libinit$$0000002E  c_w.l(libinit2.o)
    0x0800018e   0x0800018e   0x00000000   Code   RO          453    .ARM.Collect$$libinit$$00000030  c_w.l(libinit2.o)
    0x0800018e   0x0800018e   0x00000000   Code   RO          455    .ARM.Collect$$libinit$$00000032  c_w.l(libinit2.o)
    0x0800018e   0x0800018e   0x00000000   Code   RO          457    .ARM.Collect$$libinit$$00000034  c_w.l(libinit2.o)
    0x0800018e   0x0800018e   0x00000002   Code   RO          458    .ARM.Collect$$libinit$$00000035  c_w.l(libinit2.o)
    0x08000190   0x08000190   0x00000002   Code   RO          482    .ARM.Collect$$libshutdown$$00000000  c_w.l(libshutdown.o)
    0x08000192   0x08000192   0x00000000   Code   RO          497    .ARM.Collect$$libshutdown$$00000002  c_w.l(libshutdown2.o)
    0x08000192   0x08000192   0x00000000   Code   RO          499    .ARM.Collect$$libshutdown$$00000004  c_w.l(libshutdown2.o)
    0x08000192   0x08000192   0x00000000   Code   RO          502    .ARM.Collect$$libshutdown$$00000007  c_w.l(libshutdown2.o)
    0x08000192   0x08000192   0x00000000   Code   RO          505    .ARM.Collect$$libshutdown$$0000000A  c_w.l(libshutdown2.o)
    0x08000192   0x08000192   0x00000000   Code   RO          507    .ARM.Collect$$libshutdown$$0000000C  c_w.l(libshutdown2.o)
    0x08000192   0x08000192   0x00000000   Code   RO          510    .ARM.Collect$$libshutdown$$0000000F  c_w.l(libshutdown2.o)
    0x08000192   0x08000192   0x00000002   Code   RO          511    .ARM.Collect$$libshutdown$$00000010  c_w.l(libshutdown2.o)
    0x08000194   0x08000194   0x00000000   Code   RO          322    .ARM.Collect$$rtentry$$00000000  c_w.l(__rtentry.o)
    0x08000194   0x08000194   0x00000000   Code   RO          368    .ARM.Collect$$rtentry$$00000002  c_w.l(__rtentry2.o)
    0x08000194   0x08000194   0x00000006   Code   RO          380    .ARM.Collect$$rtentry$$00000004  c_w.l(__rtentry4.o)
    0x0800019a   0x0800019a   0x00000000   Code   RO          370    .ARM.Collect$$rtentry$$00000009  c_w.l(__rtentry2.o)
    0x0800019a   0x0800019a   0x00000004   Code   RO          371    .ARM.Collect$$rtentry$$0000000A  c_w.l(__rtentry2.o)
    0x0800019e   0x0800019e   0x00000000   Code   RO          373    .ARM.Collect$$rtentry$$0000000C  c_w.l(__rtentry2.o)
    0x0800019e   0x0800019e   0x00000008   Code   RO          374    .ARM.Collect$$rtentry$$0000000D  c_w.l(__rtentry2.o)
    0x080001a6   0x080001a6   0x00000002   Code   RO          410    .ARM.Collect$$rtexit$$00000000  c_w.l(rtexit.o)
    0x080001a8   0x080001a8   0x00000000   Code   RO          462    .ARM.Collect$$rtexit$$00000002  c_w.l(rtexit2.o)
    0x080001a8   0x080001a8   0x00000004   Code   RO          463    .ARM.Collect$$rtexit$$00000003  c_w.l(rtexit2.o)
    0x080001ac   0x080001ac   0x00000006   Code   RO          464    .ARM.Collect$$rtexit$$00000004  c_w.l(rtexit2.o)
    0x080001b2   0x080001b2   0x00000002   PAD
    0x080001b4   0x080001b4   0x00000040   Code   RO          256  * .text               startup_stm32f10x_md.o
    0x080001f4   0x080001f4   0x00000006   Code   RO          281    .text               c_w.l(heapauxi.o)
    0x080001fa   0x080001fa   0x00000016   Code   RO          323    .text               c_w.l(_rserrno.o)
    0x08000210   0x08000210   0x00000008   Code   RO          385    .text               c_w.l(rt_errno_addr_intlibspace.o)
    0x08000218   0x08000218   0x00000008   Code   RO          393    .text               c_w.l(libspace.o)
    0x08000220   0x08000220   0x0000004a   Code   RO          396    .text               c_w.l(sys_stackheap_outer.o)
    0x0800026a   0x0800026a   0x00000012   Code   RO          398    .text               c_w.l(exit.o)
    0x0800027c   0x0800027c   0x0000000c   Code   RO          472    .text               c_w.l(sys_exit.o)
    0x08000288   0x08000288   0x00000002   Code   RO          487    .text               c_w.l(use_no_semi.o)
    0x0800028a   0x0800028a   0x00000000   Code   RO          489    .text               c_w.l(indicate_semi.o)
    0x0800028a   0x0800028a   0x00000002   PAD
    0x0800028c   0x0800028c   0x0000028e   Code   RO          193    .text.PID_Linefollow  pid.o
    0x0800051a   0x0800051a   0x00000002   PAD
    0x0800051c   0x0800051c   0x00000008   Code   RO          265    .text.SetSysClock   system_stm32f10x.o
    0x08000524   0x08000524   0x00000122   Code   RO          269    .text.SetSysClockTo72  system_stm32f10x.o
    0x08000646   0x08000646   0x00000002   PAD
    0x08000648   0x08000648   0x00000020   Code   RO           92    .text.SysTick_DelayMc  systick_driver.o
    0x08000668   0x08000668   0x00000018   Code   RO           90    .text.SysTick_DelayMicro  systick_driver.o
    0x08000680   0x08000680   0x0000002a   Code   RO           94    .text.SysTick_DelayMs  systick_driver.o
    0x080006aa   0x080006aa   0x00000002   PAD
    0x080006ac   0x080006ac   0x00000066   Code   RO          263    .text.SystemInit    system_stm32f10x.o
    0x08000712   0x08000712   0x00000002   PAD
    0x08000714   0x08000714   0x00000092   Code   RO           77    .text.WRITE_GPIO    gpio_driver.o
    0x080007a6   0x080007a6   0x00000002   PAD
    0x080007a8   0x080007a8   0x00000062   Code   RO          172    .text.adc_check     adc_driver.o
    0x0800080a   0x0800080a   0x00000002   PAD
    0x0800080c   0x0800080c   0x0000014c   Code   RO          182    .text.adc_multi_ch_init  adc_driver.o
    0x08000958   0x08000958   0x00000116   Code   RO          184    .text.adc_multi_ch_rx  adc_driver.o
    0x08000a6e   0x08000a6e   0x00000002   PAD
    0x08000a70   0x08000a70   0x000000f2   Code   RO           73    .text.gpio_init     gpio_driver.o
    0x08000b62   0x08000b62   0x00000002   PAD
    0x08000b64   0x08000b64   0x00000118   Code   RO            6    .text.main          main.o
    0x08000c7c   0x08000c7c   0x0000005e   Code   RO            2    .text.motor_control  main.o
    0x08000cda   0x08000cda   0x00000002   PAD
    0x08000cdc   0x08000cdc   0x0000008c   Code   RO            4    .text.normalize_line_readings  main.o
    0x08000d68   0x08000d68   0x0000019a   Code   RO          161    .text.position      motor_driver.o
    0x08000f02   0x08000f02   0x00000002   PAD
    0x08000f04   0x08000f04   0x0000002a   Code   RO           88    .text.systickTimer_init  systick_driver.o
    0x08000f2e   0x08000f2e   0x00000002   PAD
    0x08000f30   0x08000f30   0x00000086   Code   RO          111    .text.timer1Capture_micro  timer1_driver.o
    0x08000fb6   0x08000fb6   0x00000002   PAD
    0x08000fb8   0x08000fb8   0x0000008c   Code   RO          107    .text.timer1PWM_micros  timer1_driver.o
    0x08001044   0x08001044   0x00000046   Code   RO          115    .text.timer1_get_capture_micro  timer1_driver.o
    0x0800108a   0x0800108a   0x00000002   PAD
    0x0800108c   0x0800108c   0x0000008c   Code   RO          226    .text.timer3PWM_micros  buzzer.o
    0x08001118   0x08001118   0x000000ce   Code   RO          157    .text.timer4_pwm_microsV  motor_driver.o
    0x080011e6   0x080011e6   0x00000028   Code   RO          358    i.__ARM_fpclassify  m_ws.l(fpclassify.o)
    0x0800120e   0x0800120e   0x000000aa   Code   RO          360    i.__kernel_poly     m_ws.l(poly.o)
    0x080012b8   0x080012b8   0x00000010   Code   RO          344    i.__mathlib_dbl_divzero  m_ws.l(dunder.o)
    0x080012c8   0x080012c8   0x00000004   Code   RO          346    i.__mathlib_dbl_infnan2  m_ws.l(dunder.o)
    0x080012cc   0x080012cc   0x0000000c   Code   RO          347    i.__mathlib_dbl_invalid  m_ws.l(dunder.o)
    0x080012d8   0x080012d8   0x0000000e   Code   RO          348    i.__mathlib_dbl_overflow  m_ws.l(dunder.o)
    0x080012e6   0x080012e6   0x00000002   PAD
    0x080012e8   0x080012e8   0x00000010   Code   RO          350    i.__mathlib_dbl_underflow  m_ws.l(dunder.o)
    0x080012f8   0x080012f8   0x000009ec   Code   RO          318    i.pow               m_ws.l(pow.o)
    0x08001ce4   0x08001ce4   0x0000004c   Code   RO          364    i.sqrt              m_ws.l(sqrt.o)
    0x08001d30   0x08001d30   0x00000062   Code   RO          285    x$fpl$d2f           fz_ws.l(d2f.o)
    0x08001d92   0x08001d92   0x00000002   PAD
    0x08001d94   0x08001d94   0x00000150   Code   RO          325    x$fpl$dadd          fz_ws.l(daddsub_clz.o)
    0x08001ee4   0x08001ee4   0x00000010   Code   RO          387    x$fpl$dcheck1       fz_ws.l(dcheck1.o)
    0x08001ef4   0x08001ef4   0x00000018   Code   RO          406    x$fpl$dcmpinf       fz_ws.l(dcmpi.o)
    0x08001f0c   0x08001f0c   0x000002b8   Code   RO          288    x$fpl$ddiv          fz_ws.l(ddiv.o)
    0x080021c4   0x080021c4   0x0000002e   Code   RO          292    x$fpl$dflt          fz_ws.l(dflt_clz.o)
    0x080021f2   0x080021f2   0x00000026   Code   RO          291    x$fpl$dfltu         fz_ws.l(dflt_clz.o)
    0x08002218   0x08002218   0x00000078   Code   RO          389    x$fpl$dleqf         fz_ws.l(dleqf.o)
    0x08002290   0x08002290   0x00000154   Code   RO          297    x$fpl$dmul          fz_ws.l(dmul.o)
    0x080023e4   0x080023e4   0x0000009c   Code   RO          331    x$fpl$dnaninf       fz_ws.l(dnaninf.o)
    0x08002480   0x08002480   0x0000000c   Code   RO          333    x$fpl$dretinf       fz_ws.l(dretinf.o)
    0x0800248c   0x0800248c   0x0000006c   Code   RO          335    x$fpl$drleqf        fz_ws.l(drleqf.o)
    0x080024f8   0x080024f8   0x00000016   Code   RO          326    x$fpl$drsb          fz_ws.l(daddsub_clz.o)
    0x0800250e   0x0800250e   0x00000002   PAD
    0x08002510   0x08002510   0x000001cc   Code   RO          391    x$fpl$dsqrt         fz_ws.l(dsqrt_noumaal.o)
    0x080026dc   0x080026dc   0x000001dc   Code   RO          327    x$fpl$dsub          fz_ws.l(daddsub_clz.o)
    0x080028b8   0x080028b8   0x00000056   Code   RO          299    x$fpl$f2d           fz_ws.l(f2d.o)
    0x0800290e   0x0800290e   0x00000002   PAD
    0x08002910   0x08002910   0x000000c4   Code   RO          301    x$fpl$fadd          fz_ws.l(faddsub_clz.o)
    0x080029d4   0x080029d4   0x00000036   Code   RO          307    x$fpl$ffix          fz_ws.l(ffix.o)
    0x08002a0a   0x08002a0a   0x00000002   PAD
    0x08002a0c   0x08002a0c   0x00000030   Code   RO          312    x$fpl$fflt          fz_ws.l(fflt_clz.o)
    0x08002a3c   0x08002a3c   0x0000008c   Code   RO          337    x$fpl$fnaninf       fz_ws.l(fnaninf.o)
    0x08002ac8   0x08002ac8   0x0000000a   Code   RO          339    x$fpl$fretinf       fz_ws.l(fretinf.o)
    0x08002ad2   0x08002ad2   0x00000002   PAD
    0x08002ad4   0x08002ad4   0x000000ea   Code   RO          303    x$fpl$fsub          fz_ws.l(faddsub_clz.o)
    0x08002bbe   0x08002bbe   0x00000064   Code   RO          408    x$fpl$retnan        fz_ws.l(retnan.o)
    0x08002c22   0x08002c22   0x0000005c   Code   RO          341    x$fpl$scalbn        fz_ws.l(scalbn.o)
    0x08002c7e   0x08002c7e   0x00000030   Code   RO          459    x$fpl$trapveneer    fz_ws.l(trapv.o)
    0x08002cae   0x08002cae   0x00000000   Code   RO          343    x$fpl$usenofp       fz_ws.l(usenofp.o)
    0x08002cae   0x08002cae   0x00000002   PAD
    0x08002cb0   0x08002cb0   0x00000088   Data   RO          319    .constdata          m_ws.l(pow.o)
    0x08002d38   0x08002d38   0x00000008   Data   RO          362    .constdata          m_ws.l(qnan.o)
    0x08002d40   0x08002d40   0x00000020   Data   RO          545    Region$$Table       anon$$obj.o


    Execution Region ER_RW (Exec base: 0x20000000, Load base: 0x08002d60, Size: 0x00000028, Max: 0xffffffff, ABSOLUTE)

    Exec Addr    Load Addr    Size         Type   Attr      Idx    E Section Name        Object

    0x20000000   0x08002d60   0x00000004   Data   RW          198    .data.Kd            pid.o
    0x20000004   0x08002d64   0x00000004   Data   RW          197    .data.Ki            pid.o
    0x20000008   0x08002d68   0x00000004   Data   RW          196    .data.Kp            pid.o
    0x2000000c   0x08002d6c   0x00000011   Data   RW            8    .data.adc_channelsA  main.o
    0x2000001d   0x08002d7d   0x00000001   Data   RW           10    .data.channelsA     main.o
    0x2000001e   0x08002d7e   0x00000002   PAD
    0x20000020   0x08002d80   0x00000004   Data   RW          195    .data.lfspeed       pid.o
    0x20000024   0x08002d84   0x00000001   Data   RW          201    .data.multiD        pid.o
    0x20000025   0x08002d85   0x00000001   Data   RW          200    .data.multiI        pid.o
    0x20000026   0x08002d86   0x00000001   Data   RW          199    .data.multiP        pid.o


    Execution Region ER_ZI (Exec base: 0x20000028, Load base: 0x08002d88, Size: 0x000006c8, Max: 0xffffffff, ABSOLUTE)

    Exec Addr    Load Addr    Size         Type   Attr      Idx    E Section Name        Object

    0x20000028        -       0x00000060   Zero   RW          394    .bss                c_w.l(libspace.o)
    0x20000088        -       0x00000004   Zero   RW          205    .bss.D              pid.o
    0x2000008c        -       0x00000004   Zero   RW          208    .bss.Dvalue         pid.o
    0x20000090        -       0x00000004   Zero   RW          203    .bss.I              pid.o
    0x20000094        -       0x00000004   Zero   RW          207    .bss.Ivalue         pid.o
    0x20000098        -       0x00000004   Zero   RW          202    .bss.P              pid.o
    0x2000009c        -       0x00000004   Zero   RW          206    .bss.Pvalue         pid.o
    0x200000a0        -       0x0000001c   Zero   RW           13    .bss.analog_rxA     main.o
    0x200000bc        -       0x00000004   Zero   RW          209    .bss.lsp            pid.o
    0x200000c0        -       0x00000004   Zero   RW           12    .bss.myDistance     main.o
    0x200000c4        -       0x0000001c   Zero   RW           14    .bss.normalized     main.o
    0x200000e0        -       0x00000004   Zero   RW           11    .bss.p              main.o
    0x200000e4        -       0x00000004   Zero   RW          204    .bss.previousError  pid.o
    0x200000e8        -       0x00000004   Zero   RW          210    .bss.rsp            pid.o
    0x200000ec   0x08002d88   0x00000004   PAD
    0x200000f0        -       0x00000200   Zero   RW          254    HEAP                startup_stm32f10x_md.o
    0x200002f0        -       0x00000400   Zero   RW          253    STACK               startup_stm32f10x_md.o


==============================================================================

Image component sizes


      Code (inc. data)   RO Data    RW Data    ZI Data      Debug   Object Name

       708          0          0          0          0       5543   adc_driver.o
       140          0          0          0          0       2446   buzzer.o
       388          0          0          0          0       1481   gpio_driver.o
       514          0          0         18         64       1593   main.o
       616          0          0          0          0       2486   motor_driver.o
       654          0          0         19         36       1354   pid.o
        64         26        236          0       1536        836   startup_stm32f10x_md.o
       400          0          0          0          0       2985   system_stm32f10x.o
       140          0          0          0          0        931   systick_driver.o
       344          0          0          0          0       3217   timer1_driver.o

    ----------------------------------------------------------------------
      3994         26        268         40       1640      22872   Object Totals
         0          0         32          0          0          0   (incl. Generated)
        26          0          0          3          4          0   (incl. Padding)

    ----------------------------------------------------------------------

      Code (inc. data)   RO Data    RW Data    ZI Data      Debug   Library Member Name

         8          0          0          0          0         68   __main.o
         0          0          0          0          0          0   __rtentry.o
        12          0          0          0          0          0   __rtentry2.o
         6          0          0          0          0          0   __rtentry4.o
        94          8          0          0          0          0   __scatter.o
        26          0          0          0          0          0   __scatter_copy.o
        28          0          0          0          0          0   __scatter_zi.o
        22          0          0          0          0        100   _rserrno.o
        18          0          0          0          0         80   exit.o
         6          0          0          0          0        152   heapauxi.o
         0          0          0          0          0          0   indicate_semi.o
         2          0          0          0          0          0   libinit.o
         2          0          0          0          0          0   libinit2.o
         2          0          0          0          0          0   libshutdown.o
         2          0          0          0          0          0   libshutdown2.o
         8          4          0          0         96         68   libspace.o
         8          4          0          0          0         68   rt_errno_addr_intlibspace.o
         2          0          0          0          0          0   rtexit.o
        10          0          0          0          0          0   rtexit2.o
        12          4          0          0          0         68   sys_exit.o
        74          0          0          0          0         80   sys_stackheap_outer.o
         2          0          0          0          0         68   use_no_semi.o
        98          4          0          0          0         92   d2f.o
       834         16          0          0          0        372   daddsub_clz.o
        16          4          0          0          0         68   dcheck1.o
        24          0          0          0          0         68   dcmpi.o
       696        140          0          0          0        216   ddiv.o
        84          0          0          0          0        136   dflt_clz.o
       120          4          0          0          0         92   dleqf.o
       340         12          0          0          0        104   dmul.o
       156          4          0          0          0         92   dnaninf.o
        12          0          0          0          0         68   dretinf.o
       108          0          0          0          0         80   drleqf.o
       460         56          0          0          0        120   dsqrt_noumaal.o
        86          4          0          0          0         84   f2d.o
       430          8          0          0          0        168   faddsub_clz.o
        54          4          0          0          0         84   ffix.o
        48          0          0          0          0         68   fflt_clz.o
       140          4          0          0          0         84   fnaninf.o
        10          0          0          0          0         68   fretinf.o
       100          0          0          0          0         68   retnan.o
        92          0          0          0          0         68   scalbn.o
        48          0          0          0          0         68   trapv.o
         0          0          0          0          0          0   usenofp.o
        62         10          0          0          0        340   dunder.o
        40          0          0          0          0         68   fpclassify.o
       170          0          0          0          0         96   poly.o
      2540        188        136          0          0        332   pow.o
         0          0          8          0          0          0   qnan.o
        76          0          0          0          0         84   sqrt.o

    ----------------------------------------------------------------------
      7210        478        144          0         96       3940   Library Totals
        22          0          0          0          0          0   (incl. Padding)

    ----------------------------------------------------------------------

      Code (inc. data)   RO Data    RW Data    ZI Data      Debug   Library Name

       344         20          0          0         96        752   c_w.l
      3956        260          0          0          0       2268   fz_ws.l
      2888        198        144          0          0        920   m_ws.l

    ----------------------------------------------------------------------
      7210        478        144          0         96       3940   Library Totals

    ----------------------------------------------------------------------

==============================================================================


      Code (inc. data)   RO Data    RW Data    ZI Data      Debug   

     11204        504        412         40       1736      24740   Grand Totals
     11204        504        412         40       1736      24740   ELF Image Totals
     11204        504        412         40          0          0   ROM Totals

==============================================================================

    Total RO  Size (Code + RO Data)                11616 (  11.34kB)
    Total RW  Size (RW Data + ZI Data)              1776 (   1.73kB)
    Total ROM Size (Code + RO Data + RW Data)      11656 (  11.38kB)

==============================================================================

